[0.090s] DEBUG:colcon:Command line arguments: ['/usr/bin/colcon', 'build']
[0.090s] DEBUG:colcon:Parsed command line arguments: Namespace(log_base=None, log_level=None, verb_name='build', build_base='build', install_base='install', merge_install=False, symlink_install=False, test_result_base=None, continue_on_error=False, executor='parallel', parallel_workers=12, event_handlers=None, ignore_user_meta=False, metas=['./colcon.meta'], base_paths=['.'], packages_ignore=None, packages_ignore_regex=None, paths=None, packages_up_to=None, packages_up_to_regex=None, packages_above=None, packages_above_and_dependencies=None, packages_above_depth=None, packages_select_by_dep=None, packages_skip_by_dep=None, packages_skip_up_to=None, packages_select_build_failed=False, packages_skip_build_finished=False, packages_select_test_failures=False, packages_skip_test_passed=False, packages_select=None, packages_skip=None, packages_select_regex=None, packages_skip_regex=None, packages_start=None, packages_end=None, allow_overriding=[], cmake_args=None, cmake_target=None, cmake_target_skip_unavailable=False, cmake_clean_cache=False, cmake_clean_first=False, cmake_force_configure=False, ament_cmake_args=None, catkin_cmake_args=None, catkin_skip_building_tests=False, mixin_files=None, mixin=None, verb_parser=<colcon_mixin.mixin.mixin_argument.MixinArgumentDecorator object at 0x797f59bc36b0>, verb_extension=<colcon_core.verb.build.BuildVerb object at 0x797f59bc3110>, main=<bound method BuildVerb.main of <colcon_core.verb.build.BuildVerb object at 0x797f59bc3110>>, mixin_verb=('build',))
[0.116s] Level 1:colcon.colcon_core.package_discovery:discover_packages(colcon_meta) check parameters
[0.116s] Level 1:colcon.colcon_core.package_discovery:discover_packages(recursive) check parameters
[0.116s] Level 1:colcon.colcon_core.package_discovery:discover_packages(ignore) check parameters
[0.116s] Level 1:colcon.colcon_core.package_discovery:discover_packages(path) check parameters
[0.116s] Level 1:colcon.colcon_core.package_discovery:discover_packages(colcon_meta) discover
[0.117s] Level 1:colcon.colcon_core.package_discovery:discover_packages(recursive) discover
[0.117s] INFO:colcon.colcon_core.package_discovery:Crawling recursively for packages in '/home/usou/dev_ws/ros2_comu_test/ros2_communication_test'
[0.117s] Level 1:colcon.colcon_core.package_identification:_identify(.) by extensions ['ignore', 'ignore_ament_install']
[0.117s] Level 1:colcon.colcon_core.package_identification:_identify(.) by extension 'ignore'
[0.117s] Level 1:colcon.colcon_core.package_identification:_identify(.) by extension 'ignore_ament_install'
[0.117s] Level 1:colcon.colcon_core.package_identification:_identify(.) by extensions ['colcon_pkg']
[0.117s] Level 1:colcon.colcon_core.package_identification:_identify(.) by extension 'colcon_pkg'
[0.117s] Level 1:colcon.colcon_core.package_identification:_identify(.) by extensions ['colcon_meta']
[0.117s] Level 1:colcon.colcon_core.package_identification:_identify(.) by extension 'colcon_meta'
[0.117s] Level 1:colcon.colcon_core.package_identification:_identify(.) by extensions ['ros']
[0.117s] Level 1:colcon.colcon_core.package_identification:_identify(.) by extension 'ros'
[0.135s] Level 1:colcon.colcon_core.package_identification:_identify(.) by extensions ['cmake', 'python']
[0.135s] Level 1:colcon.colcon_core.package_identification:_identify(.) by extension 'cmake'
[0.135s] Level 1:colcon.colcon_core.package_identification:_identify(.) by extension 'python'
[0.135s] Level 1:colcon.colcon_core.package_identification:_identify(.) by extensions ['python_setup_py']
[0.135s] Level 1:colcon.colcon_core.package_identification:_identify(.) by extension 'python_setup_py'
[0.135s] Level 1:colcon.colcon_core.package_identification:_identify(build) by extensions ['ignore', 'ignore_ament_install']
[0.135s] Level 1:colcon.colcon_core.package_identification:_identify(build) by extension 'ignore'
[0.135s] Level 1:colcon.colcon_core.package_identification:_identify(build) ignored
[0.135s] Level 1:colcon.colcon_core.package_identification:_identify(install) by extensions ['ignore', 'ignore_ament_install']
[0.136s] Level 1:colcon.colcon_core.package_identification:_identify(install) by extension 'ignore'
[0.136s] Level 1:colcon.colcon_core.package_identification:_identify(install) ignored
[0.136s] Level 1:colcon.colcon_core.package_identification:_identify(log) by extensions ['ignore', 'ignore_ament_install']
[0.136s] Level 1:colcon.colcon_core.package_identification:_identify(log) by extension 'ignore'
[0.136s] Level 1:colcon.colcon_core.package_identification:_identify(log) ignored
[0.136s] Level 1:colcon.colcon_core.package_identification:_identify(src) by extensions ['ignore', 'ignore_ament_install']
[0.136s] Level 1:colcon.colcon_core.package_identification:_identify(src) by extension 'ignore'
[0.136s] Level 1:colcon.colcon_core.package_identification:_identify(src) by extension 'ignore_ament_install'
[0.136s] Level 1:colcon.colcon_core.package_identification:_identify(src) by extensions ['colcon_pkg']
[0.136s] Level 1:colcon.colcon_core.package_identification:_identify(src) by extension 'colcon_pkg'
[0.136s] Level 1:colcon.colcon_core.package_identification:_identify(src) by extensions ['colcon_meta']
[0.136s] Level 1:colcon.colcon_core.package_identification:_identify(src) by extension 'colcon_meta'
[0.136s] Level 1:colcon.colcon_core.package_identification:_identify(src) by extensions ['ros']
[0.136s] Level 1:colcon.colcon_core.package_identification:_identify(src) by extension 'ros'
[0.136s] Level 1:colcon.colcon_core.package_identification:_identify(src) by extensions ['cmake', 'python']
[0.136s] Level 1:colcon.colcon_core.package_identification:_identify(src) by extension 'cmake'
[0.136s] Level 1:colcon.colcon_core.package_identification:_identify(src) by extension 'python'
[0.136s] Level 1:colcon.colcon_core.package_identification:_identify(src) by extensions ['python_setup_py']
[0.136s] Level 1:colcon.colcon_core.package_identification:_identify(src) by extension 'python_setup_py'
[0.136s] Level 1:colcon.colcon_core.package_identification:_identify(src/roscar_comm_py) by extensions ['ignore', 'ignore_ament_install']
[0.136s] Level 1:colcon.colcon_core.package_identification:_identify(src/roscar_comm_py) by extension 'ignore'
[0.136s] Level 1:colcon.colcon_core.package_identification:_identify(src/roscar_comm_py) by extension 'ignore_ament_install'
[0.136s] Level 1:colcon.colcon_core.package_identification:_identify(src/roscar_comm_py) by extensions ['colcon_pkg']
[0.136s] Level 1:colcon.colcon_core.package_identification:_identify(src/roscar_comm_py) by extension 'colcon_pkg'
[0.137s] Level 1:colcon.colcon_core.package_identification:_identify(src/roscar_comm_py) by extensions ['colcon_meta']
[0.137s] Level 1:colcon.colcon_core.package_identification:_identify(src/roscar_comm_py) by extension 'colcon_meta'
[0.137s] Level 1:colcon.colcon_core.package_identification:_identify(src/roscar_comm_py) by extensions ['ros']
[0.137s] Level 1:colcon.colcon_core.package_identification:_identify(src/roscar_comm_py) by extension 'ros'
[0.138s] DEBUG:colcon.colcon_core.package_identification:Package 'src/roscar_comm_py' with type 'ros.ament_python' and name 'roscar_comm_py'
[0.138s] Level 1:colcon.colcon_core.package_identification:_identify(src/roscar_interfaces) by extensions ['ignore', 'ignore_ament_install']
[0.138s] Level 1:colcon.colcon_core.package_identification:_identify(src/roscar_interfaces) by extension 'ignore'
[0.138s] Level 1:colcon.colcon_core.package_identification:_identify(src/roscar_interfaces) by extension 'ignore_ament_install'
[0.139s] Level 1:colcon.colcon_core.package_identification:_identify(src/roscar_interfaces) by extensions ['colcon_pkg']
[0.139s] Level 1:colcon.colcon_core.package_identification:_identify(src/roscar_interfaces) by extension 'colcon_pkg'
[0.139s] Level 1:colcon.colcon_core.package_identification:_identify(src/roscar_interfaces) by extensions ['colcon_meta']
[0.139s] Level 1:colcon.colcon_core.package_identification:_identify(src/roscar_interfaces) by extension 'colcon_meta'
[0.139s] Level 1:colcon.colcon_core.package_identification:_identify(src/roscar_interfaces) by extensions ['ros']
[0.139s] Level 1:colcon.colcon_core.package_identification:_identify(src/roscar_interfaces) by extension 'ros'
[0.139s] DEBUG:colcon.colcon_core.package_identification:Package 'src/roscar_interfaces' with type 'ros.ament_cmake' and name 'roscar_interfaces'
[0.139s] Level 1:colcon.colcon_core.package_discovery:discover_packages(recursive) using defaults
[0.139s] Level 1:colcon.colcon_core.package_discovery:discover_packages(ignore) discover
[0.139s] Level 1:colcon.colcon_core.package_discovery:discover_packages(ignore) using defaults
[0.139s] Level 1:colcon.colcon_core.package_discovery:discover_packages(path) discover
[0.139s] Level 1:colcon.colcon_core.package_discovery:discover_packages(path) using defaults
[0.151s] Level 1:colcon.colcon_core.package_discovery:discover_packages(prefix_path) check parameters
[0.151s] Level 1:colcon.colcon_core.package_discovery:discover_packages(prefix_path) discover
[0.152s] DEBUG:colcon.colcon_installed_package_information.package_discovery:Found 1 installed packages in /home/usou/dev_ws/ros2_comu_test/ros2_communication_test/install
[0.153s] DEBUG:colcon.colcon_installed_package_information.package_discovery:Found 330 installed packages in /opt/ros/jazzy
[0.154s] Level 1:colcon.colcon_core.package_discovery:discover_packages(prefix_path) using defaults
[0.190s] Level 5:colcon.colcon_core.verb:set package 'roscar_interfaces' build argument 'cmake_args' from command line to 'None'
[0.190s] Level 5:colcon.colcon_core.verb:set package 'roscar_interfaces' build argument 'cmake_target' from command line to 'None'
[0.190s] Level 5:colcon.colcon_core.verb:set package 'roscar_interfaces' build argument 'cmake_target_skip_unavailable' from command line to 'False'
[0.190s] Level 5:colcon.colcon_core.verb:set package 'roscar_interfaces' build argument 'cmake_clean_cache' from command line to 'False'
[0.190s] Level 5:colcon.colcon_core.verb:set package 'roscar_interfaces' build argument 'cmake_clean_first' from command line to 'False'
[0.190s] Level 5:colcon.colcon_core.verb:set package 'roscar_interfaces' build argument 'cmake_force_configure' from command line to 'False'
[0.190s] Level 5:colcon.colcon_core.verb:set package 'roscar_interfaces' build argument 'ament_cmake_args' from command line to 'None'
[0.190s] Level 5:colcon.colcon_core.verb:set package 'roscar_interfaces' build argument 'catkin_cmake_args' from command line to 'None'
[0.190s] Level 5:colcon.colcon_core.verb:set package 'roscar_interfaces' build argument 'catkin_skip_building_tests' from command line to 'False'
[0.190s] DEBUG:colcon.colcon_core.verb:Building package 'roscar_interfaces' with the following arguments: {'ament_cmake_args': None, 'build_base': '/home/usou/dev_ws/ros2_comu_test/ros2_communication_test/build/roscar_interfaces', 'catkin_cmake_args': None, 'catkin_skip_building_tests': False, 'cmake_args': None, 'cmake_clean_cache': False, 'cmake_clean_first': False, 'cmake_force_configure': False, 'cmake_target': None, 'cmake_target_skip_unavailable': False, 'install_base': '/home/usou/dev_ws/ros2_comu_test/ros2_communication_test/install/roscar_interfaces', 'merge_install': False, 'path': '/home/usou/dev_ws/ros2_comu_test/ros2_communication_test/src/roscar_interfaces', 'symlink_install': False, 'test_result_base': None}
[0.191s] Level 5:colcon.colcon_core.verb:set package 'roscar_comm_py' build argument 'cmake_args' from command line to 'None'
[0.191s] Level 5:colcon.colcon_core.verb:set package 'roscar_comm_py' build argument 'cmake_target' from command line to 'None'
[0.191s] Level 5:colcon.colcon_core.verb:set package 'roscar_comm_py' build argument 'cmake_target_skip_unavailable' from command line to 'False'
[0.191s] Level 5:colcon.colcon_core.verb:set package 'roscar_comm_py' build argument 'cmake_clean_cache' from command line to 'False'
[0.191s] Level 5:colcon.colcon_core.verb:set package 'roscar_comm_py' build argument 'cmake_clean_first' from command line to 'False'
[0.191s] Level 5:colcon.colcon_core.verb:set package 'roscar_comm_py' build argument 'cmake_force_configure' from command line to 'False'
[0.191s] Level 5:colcon.colcon_core.verb:set package 'roscar_comm_py' build argument 'ament_cmake_args' from command line to 'None'
[0.191s] Level 5:colcon.colcon_core.verb:set package 'roscar_comm_py' build argument 'catkin_cmake_args' from command line to 'None'
[0.191s] Level 5:colcon.colcon_core.verb:set package 'roscar_comm_py' build argument 'catkin_skip_building_tests' from command line to 'False'
[0.191s] DEBUG:colcon.colcon_core.verb:Building package 'roscar_comm_py' with the following arguments: {'ament_cmake_args': None, 'build_base': '/home/usou/dev_ws/ros2_comu_test/ros2_communication_test/build/roscar_comm_py', 'catkin_cmake_args': None, 'catkin_skip_building_tests': False, 'cmake_args': None, 'cmake_clean_cache': False, 'cmake_clean_first': False, 'cmake_force_configure': False, 'cmake_target': None, 'cmake_target_skip_unavailable': False, 'install_base': '/home/usou/dev_ws/ros2_comu_test/ros2_communication_test/install/roscar_comm_py', 'merge_install': False, 'path': '/home/usou/dev_ws/ros2_comu_test/ros2_communication_test/src/roscar_comm_py', 'symlink_install': False, 'test_result_base': None}
[0.191s] INFO:colcon.colcon_core.executor:Executing jobs using 'parallel' executor
[0.192s] DEBUG:colcon.colcon_parallel_executor.executor.parallel:run_until_complete
[0.192s] INFO:colcon.colcon_ros.task.ament_cmake.build:Building ROS package in '/home/usou/dev_ws/ros2_comu_test/ros2_communication_test/src/roscar_interfaces' with build type 'ament_cmake'
[0.192s] INFO:colcon.colcon_cmake.task.cmake.build:Building CMake package in '/home/usou/dev_ws/ros2_comu_test/ros2_communication_test/src/roscar_interfaces'
[0.194s] INFO:colcon.colcon_core.plugin_system:Skipping extension 'colcon_core.shell.bat': Not used on non-Windows systems
[0.194s] INFO:colcon.colcon_core.shell:Skip shell extension 'powershell' for command environment: Not usable outside of PowerShell
[0.194s] DEBUG:colcon.colcon_core.shell:Skip shell extension 'dsv' for command environment
[0.203s] DEBUG:colcon.colcon_core.event_handler.log_command:Invoking command in '/home/usou/dev_ws/ros2_comu_test/ros2_communication_test/build/roscar_interfaces': CMAKE_PREFIX_PATH=${CMAKE_PREFIX_PATH}:/opt/ros/jazzy DEBUGINFOD_URLS=https://debuginfod.ubuntu.com PS1=(ros2) \[\e]0;\u@\h: \w\a\]${debian_chroot:+($debian_chroot)}\[\033[01;32m\]\u@\h\[\033[00m\]:\[\033[01;34m\]\w\[\033[00m\]\$ VIRTUAL_ENV_PROMPT=(ros2) /usr/bin/cmake /home/usou/dev_ws/ros2_comu_test/ros2_communication_test/src/roscar_interfaces -DCMAKE_INSTALL_PREFIX=/home/usou/dev_ws/ros2_comu_test/ros2_communication_test/install/roscar_interfaces
[1.962s] DEBUG:colcon.colcon_core.event_handler.log_command:Invoked command in '/home/usou/dev_ws/ros2_comu_test/ros2_communication_test/build/roscar_interfaces' returned '0': CMAKE_PREFIX_PATH=${CMAKE_PREFIX_PATH}:/opt/ros/jazzy DEBUGINFOD_URLS=https://debuginfod.ubuntu.com PS1=(ros2) \[\e]0;\u@\h: \w\a\]${debian_chroot:+($debian_chroot)}\[\033[01;32m\]\u@\h\[\033[00m\]:\[\033[01;34m\]\w\[\033[00m\]\$ VIRTUAL_ENV_PROMPT=(ros2) /usr/bin/cmake /home/usou/dev_ws/ros2_comu_test/ros2_communication_test/src/roscar_interfaces -DCMAKE_INSTALL_PREFIX=/home/usou/dev_ws/ros2_comu_test/ros2_communication_test/install/roscar_interfaces
[1.963s] DEBUG:colcon.colcon_core.event_handler.log_command:Invoking command in '/home/usou/dev_ws/ros2_comu_test/ros2_communication_test/build/roscar_interfaces': CMAKE_PREFIX_PATH=${CMAKE_PREFIX_PATH}:/opt/ros/jazzy DEBUGINFOD_URLS=https://debuginfod.ubuntu.com PS1=(ros2) \[\e]0;\u@\h: \w\a\]${debian_chroot:+($debian_chroot)}\[\033[01;32m\]\u@\h\[\033[00m\]:\[\033[01;34m\]\w\[\033[00m\]\$ VIRTUAL_ENV_PROMPT=(ros2) /usr/bin/cmake --build /home/usou/dev_ws/ros2_comu_test/ros2_communication_test/build/roscar_interfaces -- -j12 -l12
[3.691s] DEBUG:colcon.colcon_core.event_handler.log_command:Invoked command in '/home/usou/dev_ws/ros2_comu_test/ros2_communication_test/build/roscar_interfaces' returned '0': CMAKE_PREFIX_PATH=${CMAKE_PREFIX_PATH}:/opt/ros/jazzy DEBUGINFOD_URLS=https://debuginfod.ubuntu.com PS1=(ros2) \[\e]0;\u@\h: \w\a\]${debian_chroot:+($debian_chroot)}\[\033[01;32m\]\u@\h\[\033[00m\]:\[\033[01;34m\]\w\[\033[00m\]\$ VIRTUAL_ENV_PROMPT=(ros2) /usr/bin/cmake --build /home/usou/dev_ws/ros2_comu_test/ros2_communication_test/build/roscar_interfaces -- -j12 -l12
[3.699s] DEBUG:colcon.colcon_core.event_handler.log_command:Invoking command in '/home/usou/dev_ws/ros2_comu_test/ros2_communication_test/build/roscar_interfaces': CMAKE_PREFIX_PATH=${CMAKE_PREFIX_PATH}:/opt/ros/jazzy DEBUGINFOD_URLS=https://debuginfod.ubuntu.com PS1=(ros2) \[\e]0;\u@\h: \w\a\]${debian_chroot:+($debian_chroot)}\[\033[01;32m\]\u@\h\[\033[00m\]:\[\033[01;34m\]\w\[\033[00m\]\$ VIRTUAL_ENV_PROMPT=(ros2) /usr/bin/cmake --install /home/usou/dev_ws/ros2_comu_test/ros2_communication_test/build/roscar_interfaces
[3.751s] Level 1:colcon.colcon_core.environment:create_environment_scripts_only(roscar_interfaces)
[3.751s] DEBUG:colcon.colcon_core.event_handler.log_command:Invoked command in '/home/usou/dev_ws/ros2_comu_test/ros2_communication_test/build/roscar_interfaces' returned '0': CMAKE_PREFIX_PATH=${CMAKE_PREFIX_PATH}:/opt/ros/jazzy DEBUGINFOD_URLS=https://debuginfod.ubuntu.com PS1=(ros2) \[\e]0;\u@\h: \w\a\]${debian_chroot:+($debian_chroot)}\[\033[01;32m\]\u@\h\[\033[00m\]:\[\033[01;34m\]\w\[\033[00m\]\$ VIRTUAL_ENV_PROMPT=(ros2) /usr/bin/cmake --install /home/usou/dev_ws/ros2_comu_test/ros2_communication_test/build/roscar_interfaces
[3.752s] Level 1:colcon.colcon_core.environment:checking '/home/usou/dev_ws/ros2_comu_test/ros2_communication_test/install/roscar_interfaces' for CMake module files
[3.753s] Level 1:colcon.colcon_core.environment:checking '/home/usou/dev_ws/ros2_comu_test/ros2_communication_test/install/roscar_interfaces' for CMake config files
[3.753s] Level 1:colcon.colcon_core.shell:create_environment_hook('roscar_interfaces', 'cmake_prefix_path')
[3.753s] INFO:colcon.colcon_core.shell:Creating environment hook '/home/usou/dev_ws/ros2_comu_test/ros2_communication_test/install/roscar_interfaces/share/roscar_interfaces/hook/cmake_prefix_path.ps1'
[3.754s] INFO:colcon.colcon_core.shell:Creating environment descriptor '/home/usou/dev_ws/ros2_comu_test/ros2_communication_test/install/roscar_interfaces/share/roscar_interfaces/hook/cmake_prefix_path.dsv'
[3.754s] INFO:colcon.colcon_core.shell:Creating environment hook '/home/usou/dev_ws/ros2_comu_test/ros2_communication_test/install/roscar_interfaces/share/roscar_interfaces/hook/cmake_prefix_path.sh'
[3.755s] Level 1:colcon.colcon_core.environment:checking '/home/usou/dev_ws/ros2_comu_test/ros2_communication_test/install/roscar_interfaces/lib'
[3.755s] Level 1:colcon.colcon_core.shell:create_environment_hook('roscar_interfaces', 'ld_library_path_lib')
[3.755s] INFO:colcon.colcon_core.shell:Creating environment hook '/home/usou/dev_ws/ros2_comu_test/ros2_communication_test/install/roscar_interfaces/share/roscar_interfaces/hook/ld_library_path_lib.ps1'
[3.755s] INFO:colcon.colcon_core.shell:Creating environment descriptor '/home/usou/dev_ws/ros2_comu_test/ros2_communication_test/install/roscar_interfaces/share/roscar_interfaces/hook/ld_library_path_lib.dsv'
[3.756s] INFO:colcon.colcon_core.shell:Creating environment hook '/home/usou/dev_ws/ros2_comu_test/ros2_communication_test/install/roscar_interfaces/share/roscar_interfaces/hook/ld_library_path_lib.sh'
[3.756s] Level 1:colcon.colcon_core.environment:checking '/home/usou/dev_ws/ros2_comu_test/ros2_communication_test/install/roscar_interfaces/bin'
[3.756s] Level 1:colcon.colcon_core.environment:checking '/home/usou/dev_ws/ros2_comu_test/ros2_communication_test/install/roscar_interfaces/lib/pkgconfig/roscar_interfaces.pc'
[3.756s] Level 1:colcon.colcon_core.environment:checking '/home/usou/dev_ws/ros2_comu_test/ros2_communication_test/install/roscar_interfaces/lib/python3.12/site-packages'
[3.756s] Level 1:colcon.colcon_core.shell:create_environment_hook('roscar_interfaces', 'pythonpath')
[3.756s] INFO:colcon.colcon_core.shell:Creating environment hook '/home/usou/dev_ws/ros2_comu_test/ros2_communication_test/install/roscar_interfaces/share/roscar_interfaces/hook/pythonpath.ps1'
[3.757s] INFO:colcon.colcon_core.shell:Creating environment descriptor '/home/usou/dev_ws/ros2_comu_test/ros2_communication_test/install/roscar_interfaces/share/roscar_interfaces/hook/pythonpath.dsv'
[3.757s] INFO:colcon.colcon_core.shell:Creating environment hook '/home/usou/dev_ws/ros2_comu_test/ros2_communication_test/install/roscar_interfaces/share/roscar_interfaces/hook/pythonpath.sh'
[3.757s] Level 1:colcon.colcon_core.environment:checking '/home/usou/dev_ws/ros2_comu_test/ros2_communication_test/install/roscar_interfaces/bin'
[3.757s] INFO:colcon.colcon_core.shell:Creating package script '/home/usou/dev_ws/ros2_comu_test/ros2_communication_test/install/roscar_interfaces/share/roscar_interfaces/package.ps1'
[3.758s] INFO:colcon.colcon_core.shell:Creating package descriptor '/home/usou/dev_ws/ros2_comu_test/ros2_communication_test/install/roscar_interfaces/share/roscar_interfaces/package.dsv'
[3.758s] INFO:colcon.colcon_core.shell:Creating package script '/home/usou/dev_ws/ros2_comu_test/ros2_communication_test/install/roscar_interfaces/share/roscar_interfaces/package.sh'
[3.759s] INFO:colcon.colcon_core.shell:Creating package script '/home/usou/dev_ws/ros2_comu_test/ros2_communication_test/install/roscar_interfaces/share/roscar_interfaces/package.bash'
[3.759s] INFO:colcon.colcon_core.shell:Creating package script '/home/usou/dev_ws/ros2_comu_test/ros2_communication_test/install/roscar_interfaces/share/roscar_interfaces/package.zsh'
[3.760s] Level 1:colcon.colcon_core.environment:create_file_with_runtime_dependencies(/home/usou/dev_ws/ros2_comu_test/ros2_communication_test/install/roscar_interfaces/share/colcon-core/packages/roscar_interfaces)
[3.760s] Level 1:colcon.colcon_core.environment:create_environment_scripts_only(roscar_interfaces)
[3.760s] Level 1:colcon.colcon_core.environment:checking '/home/usou/dev_ws/ros2_comu_test/ros2_communication_test/install/roscar_interfaces' for CMake module files
[3.761s] Level 1:colcon.colcon_core.environment:checking '/home/usou/dev_ws/ros2_comu_test/ros2_communication_test/install/roscar_interfaces' for CMake config files
[3.761s] Level 1:colcon.colcon_core.shell:create_environment_hook('roscar_interfaces', 'cmake_prefix_path')
[3.761s] INFO:colcon.colcon_core.shell:Creating environment hook '/home/usou/dev_ws/ros2_comu_test/ros2_communication_test/install/roscar_interfaces/share/roscar_interfaces/hook/cmake_prefix_path.ps1'
[3.761s] INFO:colcon.colcon_core.shell:Creating environment descriptor '/home/usou/dev_ws/ros2_comu_test/ros2_communication_test/install/roscar_interfaces/share/roscar_interfaces/hook/cmake_prefix_path.dsv'
[3.762s] INFO:colcon.colcon_core.shell:Creating environment hook '/home/usou/dev_ws/ros2_comu_test/ros2_communication_test/install/roscar_interfaces/share/roscar_interfaces/hook/cmake_prefix_path.sh'
[3.762s] Level 1:colcon.colcon_core.environment:checking '/home/usou/dev_ws/ros2_comu_test/ros2_communication_test/install/roscar_interfaces/lib'
[3.762s] Level 1:colcon.colcon_core.shell:create_environment_hook('roscar_interfaces', 'ld_library_path_lib')
[3.762s] INFO:colcon.colcon_core.shell:Creating environment hook '/home/usou/dev_ws/ros2_comu_test/ros2_communication_test/install/roscar_interfaces/share/roscar_interfaces/hook/ld_library_path_lib.ps1'
[3.762s] INFO:colcon.colcon_core.shell:Creating environment descriptor '/home/usou/dev_ws/ros2_comu_test/ros2_communication_test/install/roscar_interfaces/share/roscar_interfaces/hook/ld_library_path_lib.dsv'
[3.763s] INFO:colcon.colcon_core.shell:Creating environment hook '/home/usou/dev_ws/ros2_comu_test/ros2_communication_test/install/roscar_interfaces/share/roscar_interfaces/hook/ld_library_path_lib.sh'
[3.763s] Level 1:colcon.colcon_core.environment:checking '/home/usou/dev_ws/ros2_comu_test/ros2_communication_test/install/roscar_interfaces/bin'
[3.763s] Level 1:colcon.colcon_core.environment:checking '/home/usou/dev_ws/ros2_comu_test/ros2_communication_test/install/roscar_interfaces/lib/pkgconfig/roscar_interfaces.pc'
[3.763s] Level 1:colcon.colcon_core.environment:checking '/home/usou/dev_ws/ros2_comu_test/ros2_communication_test/install/roscar_interfaces/lib/python3.12/site-packages'
[3.763s] Level 1:colcon.colcon_core.shell:create_environment_hook('roscar_interfaces', 'pythonpath')
[3.763s] INFO:colcon.colcon_core.shell:Creating environment hook '/home/usou/dev_ws/ros2_comu_test/ros2_communication_test/install/roscar_interfaces/share/roscar_interfaces/hook/pythonpath.ps1'
[3.764s] INFO:colcon.colcon_core.shell:Creating environment descriptor '/home/usou/dev_ws/ros2_comu_test/ros2_communication_test/install/roscar_interfaces/share/roscar_interfaces/hook/pythonpath.dsv'
[3.764s] INFO:colcon.colcon_core.shell:Creating environment hook '/home/usou/dev_ws/ros2_comu_test/ros2_communication_test/install/roscar_interfaces/share/roscar_interfaces/hook/pythonpath.sh'
[3.764s] Level 1:colcon.colcon_core.environment:checking '/home/usou/dev_ws/ros2_comu_test/ros2_communication_test/install/roscar_interfaces/bin'
[3.765s] INFO:colcon.colcon_core.shell:Creating package script '/home/usou/dev_ws/ros2_comu_test/ros2_communication_test/install/roscar_interfaces/share/roscar_interfaces/package.ps1'
[3.765s] INFO:colcon.colcon_core.shell:Creating package descriptor '/home/usou/dev_ws/ros2_comu_test/ros2_communication_test/install/roscar_interfaces/share/roscar_interfaces/package.dsv'
[3.765s] INFO:colcon.colcon_core.shell:Creating package script '/home/usou/dev_ws/ros2_comu_test/ros2_communication_test/install/roscar_interfaces/share/roscar_interfaces/package.sh'
[3.766s] INFO:colcon.colcon_core.shell:Creating package script '/home/usou/dev_ws/ros2_comu_test/ros2_communication_test/install/roscar_interfaces/share/roscar_interfaces/package.bash'
[3.766s] INFO:colcon.colcon_core.shell:Creating package script '/home/usou/dev_ws/ros2_comu_test/ros2_communication_test/install/roscar_interfaces/share/roscar_interfaces/package.zsh'
[3.766s] Level 1:colcon.colcon_core.environment:create_file_with_runtime_dependencies(/home/usou/dev_ws/ros2_comu_test/ros2_communication_test/install/roscar_interfaces/share/colcon-core/packages/roscar_interfaces)
[3.766s] INFO:colcon.colcon_ros.task.ament_python.build:Building ROS package in '/home/usou/dev_ws/ros2_comu_test/ros2_communication_test/src/roscar_comm_py' with build type 'ament_python'
[3.767s] Level 1:colcon.colcon_core.shell:create_environment_hook('roscar_comm_py', 'ament_prefix_path')
[3.767s] INFO:colcon.colcon_core.shell:Creating environment hook '/home/usou/dev_ws/ros2_comu_test/ros2_communication_test/install/roscar_comm_py/share/roscar_comm_py/hook/ament_prefix_path.ps1'
[3.767s] INFO:colcon.colcon_core.shell:Creating environment descriptor '/home/usou/dev_ws/ros2_comu_test/ros2_communication_test/install/roscar_comm_py/share/roscar_comm_py/hook/ament_prefix_path.dsv'
[3.768s] INFO:colcon.colcon_core.shell:Creating environment hook '/home/usou/dev_ws/ros2_comu_test/ros2_communication_test/install/roscar_comm_py/share/roscar_comm_py/hook/ament_prefix_path.sh'
[3.768s] INFO:colcon.colcon_core.shell:Skip shell extension 'powershell' for command environment: Not usable outside of PowerShell
[3.768s] DEBUG:colcon.colcon_core.shell:Skip shell extension 'dsv' for command environment
[3.992s] INFO:colcon.colcon_core.task.python.build:Building Python package in '/home/usou/dev_ws/ros2_comu_test/ros2_communication_test/src/roscar_comm_py'
[3.992s] INFO:colcon.colcon_core.shell:Skip shell extension 'powershell' for command environment: Not usable outside of PowerShell
[3.992s] DEBUG:colcon.colcon_core.shell:Skip shell extension 'dsv' for command environment
[4.670s] DEBUG:colcon.colcon_core.event_handler.log_command:Invoking command in '/home/usou/dev_ws/ros2_comu_test/ros2_communication_test/src/roscar_comm_py': AMENT_PREFIX_PATH=/home/usou/dev_ws/ros2_comu_test/ros2_communication_test/install/roscar_interfaces:${AMENT_PREFIX_PATH} CMAKE_PREFIX_PATH=/home/usou/dev_ws/ros2_comu_test/ros2_communication_test/install/roscar_interfaces:${CMAKE_PREFIX_PATH} DEBUGINFOD_URLS=https://debuginfod.ubuntu.com LD_LIBRARY_PATH=/home/usou/dev_ws/ros2_comu_test/ros2_communication_test/install/roscar_interfaces/lib:/opt/ros/jazzy/opt/gz_sim_vendor/lib:/opt/ros/jazzy/opt/gz_sensors_vendor/lib:/opt/ros/jazzy/opt/gz_physics_vendor/lib:/opt/ros/jazzy/opt/sdformat_vendor/lib:/opt/ros/jazzy/opt/rviz_ogre_vendor/lib:/opt/ros/jazzy/lib/x86_64-linux-gnu:/opt/ros/jazzy/opt/gz_gui_vendor/lib:/opt/ros/jazzy/opt/gz_transport_vendor/lib:/opt/ros/jazzy/opt/gz_rendering_vendor/lib:/opt/ros/jazzy/opt/gz_plugin_vendor/lib:/opt/ros/jazzy/opt/gz_fuel_tools_vendor/lib:/opt/ros/jazzy/opt/gz_msgs_vendor/lib:/opt/ros/jazzy/opt/gz_common_vendor/lib:/opt/ros/jazzy/opt/gz_math_vendor/lib:/opt/ros/jazzy/opt/gz_utils_vendor/lib:/opt/ros/jazzy/opt/gz_tools_vendor/lib:/opt/ros/jazzy/opt/gz_ogre_next_vendor/lib:/opt/ros/jazzy/opt/gz_dartsim_vendor/lib:/opt/ros/jazzy/opt/gz_cmake_vendor/lib:/opt/ros/jazzy/lib:/usr/local/cuda-12.8/lib64 PS1=(ros2) \[\e]0;\u@\h: \w\a\]${debian_chroot:+($debian_chroot)}\[\033[01;32m\]\u@\h\[\033[00m\]:\[\033[01;34m\]\w\[\033[00m\]\$ PYTHONPATH=/home/usou/dev_ws/ros2_comu_test/ros2_communication_test/build/roscar_comm_py/prefix_override:/usr/lib/python3/dist-packages/colcon_core/task/python/colcon_distutils_commands:/home/usou/dev_ws/ros2_comu_test/ros2_communication_test/install/roscar_comm_py/lib/python3.12/site-packages:/home/usou/dev_ws/ros2_comu_test/ros2_communication_test/install/roscar_interfaces/lib/python3.12/site-packages:${PYTHONPATH} VIRTUAL_ENV_PROMPT=(ros2) /usr/bin/python3 -W ignore:setup.py install is deprecated -W ignore:easy_install command is deprecated setup.py egg_info --egg-base ../../build/roscar_comm_py build --build-base /home/usou/dev_ws/ros2_comu_test/ros2_communication_test/build/roscar_comm_py/build install --record /home/usou/dev_ws/ros2_comu_test/ros2_communication_test/build/roscar_comm_py/install.log --single-version-externally-managed install_data
[5.262s] Level 1:colcon.colcon_core.environment:checking '/home/usou/dev_ws/ros2_comu_test/ros2_communication_test/install/roscar_comm_py' for CMake module files
[5.262s] DEBUG:colcon.colcon_core.event_handler.log_command:Invoked command in '/home/usou/dev_ws/ros2_comu_test/ros2_communication_test/src/roscar_comm_py' returned '0': AMENT_PREFIX_PATH=/home/usou/dev_ws/ros2_comu_test/ros2_communication_test/install/roscar_interfaces:${AMENT_PREFIX_PATH} CMAKE_PREFIX_PATH=/home/usou/dev_ws/ros2_comu_test/ros2_communication_test/install/roscar_interfaces:${CMAKE_PREFIX_PATH} DEBUGINFOD_URLS=https://debuginfod.ubuntu.com LD_LIBRARY_PATH=/home/usou/dev_ws/ros2_comu_test/ros2_communication_test/install/roscar_interfaces/lib:/opt/ros/jazzy/opt/gz_sim_vendor/lib:/opt/ros/jazzy/opt/gz_sensors_vendor/lib:/opt/ros/jazzy/opt/gz_physics_vendor/lib:/opt/ros/jazzy/opt/sdformat_vendor/lib:/opt/ros/jazzy/opt/rviz_ogre_vendor/lib:/opt/ros/jazzy/lib/x86_64-linux-gnu:/opt/ros/jazzy/opt/gz_gui_vendor/lib:/opt/ros/jazzy/opt/gz_transport_vendor/lib:/opt/ros/jazzy/opt/gz_rendering_vendor/lib:/opt/ros/jazzy/opt/gz_plugin_vendor/lib:/opt/ros/jazzy/opt/gz_fuel_tools_vendor/lib:/opt/ros/jazzy/opt/gz_msgs_vendor/lib:/opt/ros/jazzy/opt/gz_common_vendor/lib:/opt/ros/jazzy/opt/gz_math_vendor/lib:/opt/ros/jazzy/opt/gz_utils_vendor/lib:/opt/ros/jazzy/opt/gz_tools_vendor/lib:/opt/ros/jazzy/opt/gz_ogre_next_vendor/lib:/opt/ros/jazzy/opt/gz_dartsim_vendor/lib:/opt/ros/jazzy/opt/gz_cmake_vendor/lib:/opt/ros/jazzy/lib:/usr/local/cuda-12.8/lib64 PS1=(ros2) \[\e]0;\u@\h: \w\a\]${debian_chroot:+($debian_chroot)}\[\033[01;32m\]\u@\h\[\033[00m\]:\[\033[01;34m\]\w\[\033[00m\]\$ PYTHONPATH=/home/usou/dev_ws/ros2_comu_test/ros2_communication_test/build/roscar_comm_py/prefix_override:/usr/lib/python3/dist-packages/colcon_core/task/python/colcon_distutils_commands:/home/usou/dev_ws/ros2_comu_test/ros2_communication_test/install/roscar_comm_py/lib/python3.12/site-packages:/home/usou/dev_ws/ros2_comu_test/ros2_communication_test/install/roscar_interfaces/lib/python3.12/site-packages:${PYTHONPATH} VIRTUAL_ENV_PROMPT=(ros2) /usr/bin/python3 -W ignore:setup.py install is deprecated -W ignore:easy_install command is deprecated setup.py egg_info --egg-base ../../build/roscar_comm_py build --build-base /home/usou/dev_ws/ros2_comu_test/ros2_communication_test/build/roscar_comm_py/build install --record /home/usou/dev_ws/ros2_comu_test/ros2_communication_test/build/roscar_comm_py/install.log --single-version-externally-managed install_data
[5.262s] Level 1:colcon.colcon_core.environment:checking '/home/usou/dev_ws/ros2_comu_test/ros2_communication_test/install/roscar_comm_py' for CMake config files
[5.263s] Level 1:colcon.colcon_core.environment:checking '/home/usou/dev_ws/ros2_comu_test/ros2_communication_test/install/roscar_comm_py/lib'
[5.263s] Level 1:colcon.colcon_core.environment:checking '/home/usou/dev_ws/ros2_comu_test/ros2_communication_test/install/roscar_comm_py/bin'
[5.263s] Level 1:colcon.colcon_core.environment:checking '/home/usou/dev_ws/ros2_comu_test/ros2_communication_test/install/roscar_comm_py/lib/pkgconfig/roscar_comm_py.pc'
[5.263s] Level 1:colcon.colcon_core.environment:checking '/home/usou/dev_ws/ros2_comu_test/ros2_communication_test/install/roscar_comm_py/lib/python3.12/site-packages'
[5.263s] Level 1:colcon.colcon_core.shell:create_environment_hook('roscar_comm_py', 'pythonpath')
[5.263s] INFO:colcon.colcon_core.shell:Creating environment hook '/home/usou/dev_ws/ros2_comu_test/ros2_communication_test/install/roscar_comm_py/share/roscar_comm_py/hook/pythonpath.ps1'
[5.263s] INFO:colcon.colcon_core.shell:Creating environment descriptor '/home/usou/dev_ws/ros2_comu_test/ros2_communication_test/install/roscar_comm_py/share/roscar_comm_py/hook/pythonpath.dsv'
[5.264s] INFO:colcon.colcon_core.shell:Creating environment hook '/home/usou/dev_ws/ros2_comu_test/ros2_communication_test/install/roscar_comm_py/share/roscar_comm_py/hook/pythonpath.sh'
[5.264s] Level 1:colcon.colcon_core.environment:checking '/home/usou/dev_ws/ros2_comu_test/ros2_communication_test/install/roscar_comm_py/bin'
[5.264s] Level 1:colcon.colcon_core.environment:create_environment_scripts_only(roscar_comm_py)
[5.264s] INFO:colcon.colcon_core.shell:Creating package script '/home/usou/dev_ws/ros2_comu_test/ros2_communication_test/install/roscar_comm_py/share/roscar_comm_py/package.ps1'
[5.264s] INFO:colcon.colcon_core.shell:Creating package descriptor '/home/usou/dev_ws/ros2_comu_test/ros2_communication_test/install/roscar_comm_py/share/roscar_comm_py/package.dsv'
[5.265s] INFO:colcon.colcon_core.shell:Creating package script '/home/usou/dev_ws/ros2_comu_test/ros2_communication_test/install/roscar_comm_py/share/roscar_comm_py/package.sh'
[5.265s] INFO:colcon.colcon_core.shell:Creating package script '/home/usou/dev_ws/ros2_comu_test/ros2_communication_test/install/roscar_comm_py/share/roscar_comm_py/package.bash'
[5.265s] INFO:colcon.colcon_core.shell:Creating package script '/home/usou/dev_ws/ros2_comu_test/ros2_communication_test/install/roscar_comm_py/share/roscar_comm_py/package.zsh'
[5.265s] Level 1:colcon.colcon_core.environment:create_file_with_runtime_dependencies(/home/usou/dev_ws/ros2_comu_test/ros2_communication_test/install/roscar_comm_py/share/colcon-core/packages/roscar_comm_py)
[5.266s] DEBUG:colcon.colcon_parallel_executor.executor.parallel:closing loop
[5.266s] DEBUG:colcon.colcon_parallel_executor.executor.parallel:loop closed
[5.266s] DEBUG:colcon.colcon_parallel_executor.executor.parallel:run_until_complete finished with '0'
[5.266s] DEBUG:colcon.colcon_core.event_reactor:joining thread
[5.272s] INFO:colcon.colcon_core.plugin_system:Skipping extension 'colcon_notification.desktop_notification.terminal_notifier': Not used on non-Darwin systems
[5.272s] INFO:colcon.colcon_core.plugin_system:Skipping extension 'colcon_notification.desktop_notification.win32': Not used on non-Windows systems
[5.272s] INFO:colcon.colcon_notification.desktop_notification:Sending desktop notification using 'notify2'
[5.287s] DEBUG:colcon.colcon_core.event_reactor:joined thread
[5.287s] INFO:colcon.colcon_core.shell:Creating prefix script '/home/usou/dev_ws/ros2_comu_test/ros2_communication_test/install/local_setup.ps1'
[5.288s] INFO:colcon.colcon_core.shell:Creating prefix util module '/home/usou/dev_ws/ros2_comu_test/ros2_communication_test/install/_local_setup_util_ps1.py'
[5.289s] INFO:colcon.colcon_core.shell:Creating prefix chain script '/home/usou/dev_ws/ros2_comu_test/ros2_communication_test/install/setup.ps1'
[5.289s] INFO:colcon.colcon_core.shell:Creating prefix script '/home/usou/dev_ws/ros2_comu_test/ros2_communication_test/install/local_setup.sh'
[5.290s] INFO:colcon.colcon_core.shell:Creating prefix util module '/home/usou/dev_ws/ros2_comu_test/ros2_communication_test/install/_local_setup_util_sh.py'
[5.290s] INFO:colcon.colcon_core.shell:Creating prefix chain script '/home/usou/dev_ws/ros2_comu_test/ros2_communication_test/install/setup.sh'
[5.291s] INFO:colcon.colcon_core.shell:Creating prefix script '/home/usou/dev_ws/ros2_comu_test/ros2_communication_test/install/local_setup.bash'
[5.291s] INFO:colcon.colcon_core.shell:Creating prefix chain script '/home/usou/dev_ws/ros2_comu_test/ros2_communication_test/install/setup.bash'
[5.292s] INFO:colcon.colcon_core.shell:Creating prefix script '/home/usou/dev_ws/ros2_comu_test/ros2_communication_test/install/local_setup.zsh'
[5.292s] INFO:colcon.colcon_core.shell:Creating prefix chain script '/home/usou/dev_ws/ros2_comu_test/ros2_communication_test/install/setup.zsh'
