[0.010s] Invoking command in '/home/usou/dev_ws/ros2_comu_test/ros2_communication_test/build/roscar_interfaces': CMAKE_PREFIX_PATH=${CMAKE_PREFIX_PATH}:/opt/ros/jazzy DEBUGINFOD_URLS=https://debuginfod.ubuntu.com PS1=(ros2) \[\e]0;\u@\h: \w\a\]${debian_chroot:+($debian_chroot)}\[\033[01;32m\]\u@\h\[\033[00m\]:\[\033[01;34m\]\w\[\033[00m\]\$ VIRTUAL_ENV_PROMPT=(ros2) /usr/bin/cmake /home/usou/dev_ws/ros2_comu_test/ros2_communication_test/src/roscar_interfaces -DCMAKE_INSTALL_PREFIX=/home/usou/dev_ws/ros2_comu_test/ros2_communication_test/install/roscar_interfaces
[0.051s] -- The C compiler identification is GNU 13.3.0
[0.092s] -- The CXX compiler identification is GNU 13.3.0
[0.103s] -- Detecting C compiler ABI info
[0.168s] -- Detecting C compiler ABI info - done
[0.176s] -- Check for working C compiler: /usr/bin/cc - skipped
[0.176s] -- Detecting C compile features
[0.176s] -- Detecting C compile features - done
[0.183s] -- Detecting CXX compiler ABI info
[0.254s] -- Detecting CXX compiler ABI info - done
[0.262s] -- Check for working CXX compiler: /usr/bin/c++ - skipped
[0.262s] -- Detecting CXX compile features
[0.263s] -- Detecting CXX compile features - done
[0.266s] -- Found ament_cmake: 2.5.4 (/opt/ros/jazzy/share/ament_cmake/cmake)
[0.350s] -- Found Python3: /home/usou/venv/ros2/bin/python3 (found version "3.12.3") found components: Interpreter 
[0.434s] -- Found std_msgs: 5.3.6 (/opt/ros/jazzy/share/std_msgs/cmake)
[0.469s] -- Found rosidl_generator_c: 4.6.5 (/opt/ros/jazzy/share/rosidl_generator_c/cmake)
[0.481s] -- Found rosidl_generator_cpp: 4.6.5 (/opt/ros/jazzy/share/rosidl_generator_cpp/cmake)
[0.495s] -- Using all available rosidl_typesupport_c: rosidl_typesupport_fastrtps_c;rosidl_typesupport_introspection_c
[0.514s] -- Using all available rosidl_typesupport_cpp: rosidl_typesupport_fastrtps_cpp;rosidl_typesupport_introspection_cpp
[0.544s] -- Found rosidl_default_generators: 1.6.0 (/opt/ros/jazzy/share/rosidl_default_generators/cmake)
[0.557s] -- Found rosidl_adapter: 4.6.5 (/opt/ros/jazzy/share/rosidl_adapter/cmake)
[0.765s] [31mCMake Error at /opt/ros/jazzy/share/rosidl_cmake/cmake/rosidl_generate_interfaces.cmake:223 (message):
[0.765s]   Packages installing interfaces must include
[0.765s]   '<member_of_group>rosidl_interface_packages</member_of_group>' in their
[0.765s]   package.xml
[0.765s] Call Stack (most recent call first):
[0.765s]   CMakeLists.txt:8 (rosidl_generate_interfaces)
[0.765s] 
[0.765s] [0m
[0.765s] -- Configuring incomplete, errors occurred!
[0.770s] Invoked command in '/home/usou/dev_ws/ros2_comu_test/ros2_communication_test/build/roscar_interfaces' returned '1': CMAKE_PREFIX_PATH=${CMAKE_PREFIX_PATH}:/opt/ros/jazzy DEBUGINFOD_URLS=https://debuginfod.ubuntu.com PS1=(ros2) \[\e]0;\u@\h: \w\a\]${debian_chroot:+($debian_chroot)}\[\033[01;32m\]\u@\h\[\033[00m\]:\[\033[01;34m\]\w\[\033[00m\]\$ VIRTUAL_ENV_PROMPT=(ros2) /usr/bin/cmake /home/usou/dev_ws/ros2_comu_test/ros2_communication_test/src/roscar_interfaces -DCMAKE_INSTALL_PREFIX=/home/usou/dev_ws/ros2_comu_test/ros2_communication_test/install/roscar_interfaces
