-- Found ament_cmake: 2.5.4 (/opt/ros/jazzy/share/ament_cmake/cmake)
-- Found std_msgs: 5.3.6 (/opt/ros/jazzy/share/std_msgs/cmake)
-- Found rosidl_generator_c: 4.6.5 (/opt/ros/jazzy/share/rosidl_generator_c/cmake)
-- Found rosidl_generator_cpp: 4.6.5 (/opt/ros/jazzy/share/rosidl_generator_cpp/cmake)
-- Using all available rosidl_typesupport_c: rosidl_typesupport_fastrtps_c;rosidl_typesupport_introspection_c
-- Using all available rosidl_typesupport_cpp: rosidl_typesupport_fastrtps_cpp;rosidl_typesupport_introspection_cpp
-- Found rosidl_default_generators: 1.6.0 (/opt/ros/jazzy/share/rosidl_default_generators/cmake)
-- Found rosidl_adapter: 4.6.5 (/opt/ros/jazzy/share/rosidl_adapter/cmake)
-- Found ament_cmake_ros: 0.12.0 (/opt/ros/jazzy/share/ament_cmake_ros/cmake)
-- Using all available rosidl_typesupport_c: rosidl_typesupport_fastrtps_c;rosidl_typesupport_introspection_c
-- Using all available rosidl_typesupport_cpp: rosidl_typesupport_fastrtps_cpp;rosidl_typesupport_introspection_cpp
-- Found python_cmake_module: 0.11.1 (/opt/ros/jazzy/share/python_cmake_module/cmake)
-- Found PythonExtra: /home/usou/venv/ros2/bin/python3  
-- Found Python3: /home/usou/venv/ros2/bin/python3 (found version "3.12.3") found components: Interpreter Development NumPy Development.Module Development.Embed 
-- Configuring done (1.7s)
-- Generating done (0.0s)
-- Build files have been written to: /home/usou/dev_ws/ros2_comu_test/ros2_communication_test/build/roscar_interfaces
[  2%] [34m[1mGenerating type hashes for ROS interfaces[0m
[  2%] Built target ament_cmake_python_copy_roscar_interfaces
[  2%] Built target roscar_interfaces__rosidl_generator_type_description
[  5%] [34m[1mGenerating C code for ROS interfaces[0m
[  8%] [34m[1mGenerating C++ code for ROS interfaces[0m
running egg_info
creating roscar_interfaces.egg-info
writing roscar_interfaces.egg-info/PKG-INFO
writing dependency_links to roscar_interfaces.egg-info/dependency_links.txt
writing top-level names to roscar_interfaces.egg-info/top_level.txt
writing manifest file 'roscar_interfaces.egg-info/SOURCES.txt'
reading manifest file 'roscar_interfaces.egg-info/SOURCES.txt'
writing manifest file 'roscar_interfaces.egg-info/SOURCES.txt'
[  8%] Built target ament_cmake_python_build_roscar_interfaces_egg
[  8%] Built target roscar_interfaces__cpp
[ 17%] [32mBuilding C object CMakeFiles/roscar_interfaces__rosidl_generator_c.dir/rosidl_generator_c/roscar_interfaces/msg/detail/gui_command__description.c.o[0m
[ 17%] [32mBuilding C object CMakeFiles/roscar_interfaces__rosidl_generator_c.dir/rosidl_generator_c/roscar_interfaces/msg/detail/gui_command__functions.c.o[0m
[ 17%] [32mBuilding C object CMakeFiles/roscar_interfaces__rosidl_generator_c.dir/rosidl_generator_c/roscar_interfaces/msg/detail/gui_command__type_support.c.o[0m
[ 20%] [32m[1mLinking C shared library libroscar_interfaces__rosidl_generator_c.so[0m
[ 20%] Built target roscar_interfaces__rosidl_generator_c
[ 35%] [34m[1mGenerating C type support for eProsima Fast-RTPS[0m
[ 35%] [34m[1mGenerating C introspection for ROS interfaces[0m
[ 35%] [34m[1mGenerating C++ type support dispatch for ROS interfaces[0m
[ 35%] [34m[1mGenerating C++ type support for eProsima Fast-RTPS[0m
[ 38%] [34m[1mGenerating C type support dispatch for ROS interfaces[0m
[ 38%] [34m[1mGenerating C++ introspection for ROS interfaces[0m
[ 44%] [32mBuilding CXX object CMakeFiles/roscar_interfaces__rosidl_typesupport_c.dir/rosidl_typesupport_c/roscar_interfaces/msg/gui_command__type_support.cpp.o[0m
[ 44%] [32mBuilding CXX object CMakeFiles/roscar_interfaces__rosidl_typesupport_cpp.dir/rosidl_typesupport_cpp/roscar_interfaces/msg/gui_command__type_support.cpp.o[0m
[ 47%] [32mBuilding C object CMakeFiles/roscar_interfaces__rosidl_typesupport_introspection_c.dir/rosidl_typesupport_introspection_c/roscar_interfaces/msg/detail/gui_command__type_support.c.o[0m
[ 50%] [32mBuilding CXX object CMakeFiles/roscar_interfaces__rosidl_typesupport_introspection_cpp.dir/rosidl_typesupport_introspection_cpp/roscar_interfaces/msg/detail/gui_command__type_support.cpp.o[0m
[ 52%] [32mBuilding CXX object CMakeFiles/roscar_interfaces__rosidl_typesupport_fastrtps_cpp.dir/rosidl_typesupport_fastrtps_cpp/roscar_interfaces/msg/detail/dds_fastrtps/gui_command__type_support.cpp.o[0m
[ 55%] [32m[1mLinking CXX shared library libroscar_interfaces__rosidl_typesupport_c.so[0m
[ 58%] [32mBuilding CXX object CMakeFiles/roscar_interfaces__rosidl_typesupport_fastrtps_c.dir/rosidl_typesupport_fastrtps_c/roscar_interfaces/msg/detail/gui_command__type_support_c.cpp.o[0m
[ 61%] [32m[1mLinking C shared library libroscar_interfaces__rosidl_typesupport_introspection_c.so[0m
[ 61%] Built target roscar_interfaces__rosidl_typesupport_c
[ 61%] Built target roscar_interfaces__rosidl_typesupport_introspection_c
[ 64%] [32m[1mLinking CXX shared library libroscar_interfaces__rosidl_typesupport_cpp.so[0m
[ 67%] [32m[1mLinking CXX shared library libroscar_interfaces__rosidl_typesupport_introspection_cpp.so[0m
[ 67%] Built target roscar_interfaces__rosidl_typesupport_cpp
[ 67%] Built target roscar_interfaces__rosidl_typesupport_introspection_cpp
[ 70%] [32m[1mLinking CXX shared library libroscar_interfaces__rosidl_typesupport_fastrtps_cpp.so[0m
[ 73%] [32m[1mLinking CXX shared library libroscar_interfaces__rosidl_typesupport_fastrtps_c.so[0m
[ 73%] Built target roscar_interfaces__rosidl_typesupport_fastrtps_c
[ 73%] Built target roscar_interfaces__rosidl_typesupport_fastrtps_cpp
[ 73%] Built target roscar_interfaces
[ 76%] [34m[1mGenerating Python code for ROS interfaces[0m
[ 76%] Built target roscar_interfaces__py
[ 79%] [32mBuilding C object CMakeFiles/roscar_interfaces__rosidl_generator_py.dir/rosidl_generator_py/roscar_interfaces/msg/_gui_command_s.c.o[0m
[ 82%] [32m[1mLinking C shared library libroscar_interfaces__rosidl_generator_py.so[0m
[ 82%] Built target roscar_interfaces__rosidl_generator_py
[ 91%] [32mBuilding C object CMakeFiles/roscar_interfaces_s__rosidl_typesupport_introspection_c.dir/rosidl_generator_py/roscar_interfaces/_roscar_interfaces_s.ep.rosidl_typesupport_introspection_c.c.o[0m
[ 91%] [32mBuilding C object CMakeFiles/roscar_interfaces_s__rosidl_typesupport_fastrtps_c.dir/rosidl_generator_py/roscar_interfaces/_roscar_interfaces_s.ep.rosidl_typesupport_fastrtps_c.c.o[0m
[ 91%] [32mBuilding C object CMakeFiles/roscar_interfaces_s__rosidl_typesupport_c.dir/rosidl_generator_py/roscar_interfaces/_roscar_interfaces_s.ep.rosidl_typesupport_c.c.o[0m
[ 97%] [32m[1mLinking C shared module rosidl_generator_py/roscar_interfaces/roscar_interfaces_s__rosidl_typesupport_c.so[0m
[ 97%] [32m[1mLinking C shared module rosidl_generator_py/roscar_interfaces/roscar_interfaces_s__rosidl_typesupport_introspection_c.so[0m
[100%] [32m[1mLinking C shared module rosidl_generator_py/roscar_interfaces/roscar_interfaces_s__rosidl_typesupport_fastrtps_c.so[0m
[100%] Built target roscar_interfaces_s__rosidl_typesupport_introspection_c
[100%] Built target roscar_interfaces_s__rosidl_typesupport_c
[100%] Built target roscar_interfaces_s__rosidl_typesupport_fastrtps_c
-- Install configuration: ""
-- Installing: /home/usou/dev_ws/ros2_comu_test/ros2_communication_test/install/roscar_interfaces/share/ament_index/resource_index/rosidl_interfaces/roscar_interfaces
-- Installing: /home/usou/dev_ws/ros2_comu_test/ros2_communication_test/install/roscar_interfaces/share/roscar_interfaces/msg/GuiCommand.json
-- Installing: /home/usou/dev_ws/ros2_comu_test/ros2_communication_test/install/roscar_interfaces/include/roscar_interfaces/roscar_interfaces
-- Installing: /home/usou/dev_ws/ros2_comu_test/ros2_communication_test/install/roscar_interfaces/include/roscar_interfaces/roscar_interfaces/msg
-- Installing: /home/usou/dev_ws/ros2_comu_test/ros2_communication_test/install/roscar_interfaces/include/roscar_interfaces/roscar_interfaces/msg/detail
-- Installing: /home/usou/dev_ws/ros2_comu_test/ros2_communication_test/install/roscar_interfaces/include/roscar_interfaces/roscar_interfaces/msg/detail/gui_command__type_support.h
-- Installing: /home/usou/dev_ws/ros2_comu_test/ros2_communication_test/install/roscar_interfaces/include/roscar_interfaces/roscar_interfaces/msg/detail/gui_command__description.c
-- Installing: /home/usou/dev_ws/ros2_comu_test/ros2_communication_test/install/roscar_interfaces/include/roscar_interfaces/roscar_interfaces/msg/detail/gui_command__type_support.c
-- Installing: /home/usou/dev_ws/ros2_comu_test/ros2_communication_test/install/roscar_interfaces/include/roscar_interfaces/roscar_interfaces/msg/detail/gui_command__functions.h
-- Installing: /home/usou/dev_ws/ros2_comu_test/ros2_communication_test/install/roscar_interfaces/include/roscar_interfaces/roscar_interfaces/msg/detail/gui_command__functions.c
-- Installing: /home/usou/dev_ws/ros2_comu_test/ros2_communication_test/install/roscar_interfaces/include/roscar_interfaces/roscar_interfaces/msg/detail/gui_command__struct.h
-- Installing: /home/usou/dev_ws/ros2_comu_test/ros2_communication_test/install/roscar_interfaces/include/roscar_interfaces/roscar_interfaces/msg/gui_command.h
-- Installing: /home/usou/dev_ws/ros2_comu_test/ros2_communication_test/install/roscar_interfaces/include/roscar_interfaces/roscar_interfaces/msg/rosidl_generator_c__visibility_control.h
-- Installing: /home/usou/dev_ws/ros2_comu_test/ros2_communication_test/install/roscar_interfaces/share/roscar_interfaces/environment/library_path.sh
-- Installing: /home/usou/dev_ws/ros2_comu_test/ros2_communication_test/install/roscar_interfaces/share/roscar_interfaces/environment/library_path.dsv
-- Installing: /home/usou/dev_ws/ros2_comu_test/ros2_communication_test/install/roscar_interfaces/lib/libroscar_interfaces__rosidl_generator_c.so
-- Set non-toolchain portion of runtime path of "/home/usou/dev_ws/ros2_comu_test/ros2_communication_test/install/roscar_interfaces/lib/libroscar_interfaces__rosidl_generator_c.so" to ""
-- Up-to-date: /home/usou/dev_ws/ros2_comu_test/ros2_communication_test/install/roscar_interfaces/include/roscar_interfaces/roscar_interfaces
-- Up-to-date: /home/usou/dev_ws/ros2_comu_test/ros2_communication_test/install/roscar_interfaces/include/roscar_interfaces/roscar_interfaces/msg
-- Up-to-date: /home/usou/dev_ws/ros2_comu_test/ros2_communication_test/install/roscar_interfaces/include/roscar_interfaces/roscar_interfaces/msg/detail
-- Installing: /home/usou/dev_ws/ros2_comu_test/ros2_communication_test/install/roscar_interfaces/include/roscar_interfaces/roscar_interfaces/msg/detail/gui_command__rosidl_typesupport_fastrtps_c.h
-- Installing: /home/usou/dev_ws/ros2_comu_test/ros2_communication_test/install/roscar_interfaces/include/roscar_interfaces/roscar_interfaces/msg/rosidl_typesupport_fastrtps_c__visibility_control.h
-- Installing: /home/usou/dev_ws/ros2_comu_test/ros2_communication_test/install/roscar_interfaces/lib/libroscar_interfaces__rosidl_typesupport_fastrtps_c.so
-- Set non-toolchain portion of runtime path of "/home/usou/dev_ws/ros2_comu_test/ros2_communication_test/install/roscar_interfaces/lib/libroscar_interfaces__rosidl_typesupport_fastrtps_c.so" to ""
-- Up-to-date: /home/usou/dev_ws/ros2_comu_test/ros2_communication_test/install/roscar_interfaces/include/roscar_interfaces/roscar_interfaces
-- Up-to-date: /home/usou/dev_ws/ros2_comu_test/ros2_communication_test/install/roscar_interfaces/include/roscar_interfaces/roscar_interfaces/msg
-- Up-to-date: /home/usou/dev_ws/ros2_comu_test/ros2_communication_test/install/roscar_interfaces/include/roscar_interfaces/roscar_interfaces/msg/detail
-- Installing: /home/usou/dev_ws/ros2_comu_test/ros2_communication_test/install/roscar_interfaces/include/roscar_interfaces/roscar_interfaces/msg/detail/gui_command__type_support.hpp
-- Installing: /home/usou/dev_ws/ros2_comu_test/ros2_communication_test/install/roscar_interfaces/include/roscar_interfaces/roscar_interfaces/msg/detail/gui_command__builder.hpp
-- Installing: /home/usou/dev_ws/ros2_comu_test/ros2_communication_test/install/roscar_interfaces/include/roscar_interfaces/roscar_interfaces/msg/detail/gui_command__struct.hpp
-- Installing: /home/usou/dev_ws/ros2_comu_test/ros2_communication_test/install/roscar_interfaces/include/roscar_interfaces/roscar_interfaces/msg/detail/gui_command__traits.hpp
-- Installing: /home/usou/dev_ws/ros2_comu_test/ros2_communication_test/install/roscar_interfaces/include/roscar_interfaces/roscar_interfaces/msg/gui_command.hpp
-- Installing: /home/usou/dev_ws/ros2_comu_test/ros2_communication_test/install/roscar_interfaces/include/roscar_interfaces/roscar_interfaces/msg/rosidl_generator_cpp__visibility_control.hpp
-- Up-to-date: /home/usou/dev_ws/ros2_comu_test/ros2_communication_test/install/roscar_interfaces/include/roscar_interfaces/roscar_interfaces
-- Up-to-date: /home/usou/dev_ws/ros2_comu_test/ros2_communication_test/install/roscar_interfaces/include/roscar_interfaces/roscar_interfaces/msg
-- Installing: /home/usou/dev_ws/ros2_comu_test/ros2_communication_test/install/roscar_interfaces/include/roscar_interfaces/roscar_interfaces/msg/rosidl_typesupport_fastrtps_cpp__visibility_control.h
-- Up-to-date: /home/usou/dev_ws/ros2_comu_test/ros2_communication_test/install/roscar_interfaces/include/roscar_interfaces/roscar_interfaces/msg/detail
-- Installing: /home/usou/dev_ws/ros2_comu_test/ros2_communication_test/install/roscar_interfaces/include/roscar_interfaces/roscar_interfaces/msg/detail/gui_command__rosidl_typesupport_fastrtps_cpp.hpp
-- Installing: /home/usou/dev_ws/ros2_comu_test/ros2_communication_test/install/roscar_interfaces/include/roscar_interfaces/roscar_interfaces/msg/detail/dds_fastrtps
-- Installing: /home/usou/dev_ws/ros2_comu_test/ros2_communication_test/install/roscar_interfaces/lib/libroscar_interfaces__rosidl_typesupport_fastrtps_cpp.so
-- Set non-toolchain portion of runtime path of "/home/usou/dev_ws/ros2_comu_test/ros2_communication_test/install/roscar_interfaces/lib/libroscar_interfaces__rosidl_typesupport_fastrtps_cpp.so" to ""
-- Up-to-date: /home/usou/dev_ws/ros2_comu_test/ros2_communication_test/install/roscar_interfaces/include/roscar_interfaces/roscar_interfaces
-- Up-to-date: /home/usou/dev_ws/ros2_comu_test/ros2_communication_test/install/roscar_interfaces/include/roscar_interfaces/roscar_interfaces/msg
-- Up-to-date: /home/usou/dev_ws/ros2_comu_test/ros2_communication_test/install/roscar_interfaces/include/roscar_interfaces/roscar_interfaces/msg/detail
-- Installing: /home/usou/dev_ws/ros2_comu_test/ros2_communication_test/install/roscar_interfaces/include/roscar_interfaces/roscar_interfaces/msg/detail/gui_command__type_support.c
-- Installing: /home/usou/dev_ws/ros2_comu_test/ros2_communication_test/install/roscar_interfaces/include/roscar_interfaces/roscar_interfaces/msg/detail/gui_command__rosidl_typesupport_introspection_c.h
-- Installing: /home/usou/dev_ws/ros2_comu_test/ros2_communication_test/install/roscar_interfaces/include/roscar_interfaces/roscar_interfaces/msg/rosidl_typesupport_introspection_c__visibility_control.h
-- Installing: /home/usou/dev_ws/ros2_comu_test/ros2_communication_test/install/roscar_interfaces/lib/libroscar_interfaces__rosidl_typesupport_introspection_c.so
-- Set non-toolchain portion of runtime path of "/home/usou/dev_ws/ros2_comu_test/ros2_communication_test/install/roscar_interfaces/lib/libroscar_interfaces__rosidl_typesupport_introspection_c.so" to ""
-- Installing: /home/usou/dev_ws/ros2_comu_test/ros2_communication_test/install/roscar_interfaces/lib/libroscar_interfaces__rosidl_typesupport_c.so
-- Set non-toolchain portion of runtime path of "/home/usou/dev_ws/ros2_comu_test/ros2_communication_test/install/roscar_interfaces/lib/libroscar_interfaces__rosidl_typesupport_c.so" to ""
-- Up-to-date: /home/usou/dev_ws/ros2_comu_test/ros2_communication_test/install/roscar_interfaces/include/roscar_interfaces/roscar_interfaces
-- Up-to-date: /home/usou/dev_ws/ros2_comu_test/ros2_communication_test/install/roscar_interfaces/include/roscar_interfaces/roscar_interfaces/msg
-- Up-to-date: /home/usou/dev_ws/ros2_comu_test/ros2_communication_test/install/roscar_interfaces/include/roscar_interfaces/roscar_interfaces/msg/detail
-- Installing: /home/usou/dev_ws/ros2_comu_test/ros2_communication_test/install/roscar_interfaces/include/roscar_interfaces/roscar_interfaces/msg/detail/gui_command__type_support.cpp
-- Installing: /home/usou/dev_ws/ros2_comu_test/ros2_communication_test/install/roscar_interfaces/include/roscar_interfaces/roscar_interfaces/msg/detail/gui_command__rosidl_typesupport_introspection_cpp.hpp
-- Installing: /home/usou/dev_ws/ros2_comu_test/ros2_communication_test/install/roscar_interfaces/lib/libroscar_interfaces__rosidl_typesupport_introspection_cpp.so
-- Set non-toolchain portion of runtime path of "/home/usou/dev_ws/ros2_comu_test/ros2_communication_test/install/roscar_interfaces/lib/libroscar_interfaces__rosidl_typesupport_introspection_cpp.so" to ""
-- Installing: /home/usou/dev_ws/ros2_comu_test/ros2_communication_test/install/roscar_interfaces/lib/libroscar_interfaces__rosidl_typesupport_cpp.so
-- Set non-toolchain portion of runtime path of "/home/usou/dev_ws/ros2_comu_test/ros2_communication_test/install/roscar_interfaces/lib/libroscar_interfaces__rosidl_typesupport_cpp.so" to ""
-- Installing: /home/usou/dev_ws/ros2_comu_test/ros2_communication_test/install/roscar_interfaces/share/roscar_interfaces/environment/pythonpath.sh
-- Installing: /home/usou/dev_ws/ros2_comu_test/ros2_communication_test/install/roscar_interfaces/share/roscar_interfaces/environment/pythonpath.dsv
-- Installing: /home/usou/dev_ws/ros2_comu_test/ros2_communication_test/install/roscar_interfaces/lib/python3.12/site-packages/roscar_interfaces-0.0.0-py3.12.egg-info
-- Installing: /home/usou/dev_ws/ros2_comu_test/ros2_communication_test/install/roscar_interfaces/lib/python3.12/site-packages/roscar_interfaces-0.0.0-py3.12.egg-info/PKG-INFO
-- Installing: /home/usou/dev_ws/ros2_comu_test/ros2_communication_test/install/roscar_interfaces/lib/python3.12/site-packages/roscar_interfaces-0.0.0-py3.12.egg-info/top_level.txt
-- Installing: /home/usou/dev_ws/ros2_comu_test/ros2_communication_test/install/roscar_interfaces/lib/python3.12/site-packages/roscar_interfaces-0.0.0-py3.12.egg-info/dependency_links.txt
-- Installing: /home/usou/dev_ws/ros2_comu_test/ros2_communication_test/install/roscar_interfaces/lib/python3.12/site-packages/roscar_interfaces-0.0.0-py3.12.egg-info/SOURCES.txt
-- Installing: /home/usou/dev_ws/ros2_comu_test/ros2_communication_test/install/roscar_interfaces/lib/python3.12/site-packages/roscar_interfaces
-- Installing: /home/usou/dev_ws/ros2_comu_test/ros2_communication_test/install/roscar_interfaces/lib/python3.12/site-packages/roscar_interfaces/msg
-- Installing: /home/usou/dev_ws/ros2_comu_test/ros2_communication_test/install/roscar_interfaces/lib/python3.12/site-packages/roscar_interfaces/msg/_gui_command_s.c
-- Installing: /home/usou/dev_ws/ros2_comu_test/ros2_communication_test/install/roscar_interfaces/lib/python3.12/site-packages/roscar_interfaces/msg/_gui_command.py
-- Installing: /home/usou/dev_ws/ros2_comu_test/ros2_communication_test/install/roscar_interfaces/lib/python3.12/site-packages/roscar_interfaces/msg/__init__.py
-- Installing: /home/usou/dev_ws/ros2_comu_test/ros2_communication_test/install/roscar_interfaces/lib/python3.12/site-packages/roscar_interfaces/roscar_interfaces_s__rosidl_typesupport_c.so
-- Installing: /home/usou/dev_ws/ros2_comu_test/ros2_communication_test/install/roscar_interfaces/lib/python3.12/site-packages/roscar_interfaces/roscar_interfaces_s__rosidl_typesupport_introspection_c.so
-- Installing: /home/usou/dev_ws/ros2_comu_test/ros2_communication_test/install/roscar_interfaces/lib/python3.12/site-packages/roscar_interfaces/__init__.py
-- Installing: /home/usou/dev_ws/ros2_comu_test/ros2_communication_test/install/roscar_interfaces/lib/python3.12/site-packages/roscar_interfaces/_roscar_interfaces_s.ep.rosidl_typesupport_c.c
-- Installing: /home/usou/dev_ws/ros2_comu_test/ros2_communication_test/install/roscar_interfaces/lib/python3.12/site-packages/roscar_interfaces/_roscar_interfaces_s.ep.rosidl_typesupport_introspection_c.c
-- Installing: /home/usou/dev_ws/ros2_comu_test/ros2_communication_test/install/roscar_interfaces/lib/python3.12/site-packages/roscar_interfaces/roscar_interfaces_s__rosidl_typesupport_fastrtps_c.so
-- Installing: /home/usou/dev_ws/ros2_comu_test/ros2_communication_test/install/roscar_interfaces/lib/python3.12/site-packages/roscar_interfaces/_roscar_interfaces_s.ep.rosidl_typesupport_fastrtps_c.c
Listing '/home/usou/dev_ws/ros2_comu_test/ros2_communication_test/install/roscar_interfaces/lib/python3.12/site-packages/roscar_interfaces'...
Compiling '/home/usou/dev_ws/ros2_comu_test/ros2_communication_test/install/roscar_interfaces/lib/python3.12/site-packages/roscar_interfaces/__init__.py'...
Listing '/home/usou/dev_ws/ros2_comu_test/ros2_communication_test/install/roscar_interfaces/lib/python3.12/site-packages/roscar_interfaces/msg'...
Compiling '/home/usou/dev_ws/ros2_comu_test/ros2_communication_test/install/roscar_interfaces/lib/python3.12/site-packages/roscar_interfaces/msg/__init__.py'...
Compiling '/home/usou/dev_ws/ros2_comu_test/ros2_communication_test/install/roscar_interfaces/lib/python3.12/site-packages/roscar_interfaces/msg/_gui_command.py'...
-- Installing: /home/usou/dev_ws/ros2_comu_test/ros2_communication_test/install/roscar_interfaces/lib/python3.12/site-packages/roscar_interfaces/roscar_interfaces_s__rosidl_typesupport_fastrtps_c.so
-- Set non-toolchain portion of runtime path of "/home/usou/dev_ws/ros2_comu_test/ros2_communication_test/install/roscar_interfaces/lib/python3.12/site-packages/roscar_interfaces/roscar_interfaces_s__rosidl_typesupport_fastrtps_c.so" to ""
-- Installing: /home/usou/dev_ws/ros2_comu_test/ros2_communication_test/install/roscar_interfaces/lib/python3.12/site-packages/roscar_interfaces/roscar_interfaces_s__rosidl_typesupport_introspection_c.so
-- Set non-toolchain portion of runtime path of "/home/usou/dev_ws/ros2_comu_test/ros2_communication_test/install/roscar_interfaces/lib/python3.12/site-packages/roscar_interfaces/roscar_interfaces_s__rosidl_typesupport_introspection_c.so" to ""
-- Installing: /home/usou/dev_ws/ros2_comu_test/ros2_communication_test/install/roscar_interfaces/lib/python3.12/site-packages/roscar_interfaces/roscar_interfaces_s__rosidl_typesupport_c.so
-- Set non-toolchain portion of runtime path of "/home/usou/dev_ws/ros2_comu_test/ros2_communication_test/install/roscar_interfaces/lib/python3.12/site-packages/roscar_interfaces/roscar_interfaces_s__rosidl_typesupport_c.so" to ""
-- Installing: /home/usou/dev_ws/ros2_comu_test/ros2_communication_test/install/roscar_interfaces/lib/libroscar_interfaces__rosidl_generator_py.so
-- Set non-toolchain portion of runtime path of "/home/usou/dev_ws/ros2_comu_test/ros2_communication_test/install/roscar_interfaces/lib/libroscar_interfaces__rosidl_generator_py.so" to ""
-- Installing: /home/usou/dev_ws/ros2_comu_test/ros2_communication_test/install/roscar_interfaces/share/roscar_interfaces/msg/GuiCommand.idl
-- Installing: /home/usou/dev_ws/ros2_comu_test/ros2_communication_test/install/roscar_interfaces/share/roscar_interfaces/msg/GuiCommand.msg
-- Installing: /home/usou/dev_ws/ros2_comu_test/ros2_communication_test/install/roscar_interfaces/share/ament_index/resource_index/package_run_dependencies/roscar_interfaces
-- Installing: /home/usou/dev_ws/ros2_comu_test/ros2_communication_test/install/roscar_interfaces/share/ament_index/resource_index/parent_prefix_path/roscar_interfaces
-- Installing: /home/usou/dev_ws/ros2_comu_test/ros2_communication_test/install/roscar_interfaces/share/roscar_interfaces/environment/ament_prefix_path.sh
-- Installing: /home/usou/dev_ws/ros2_comu_test/ros2_communication_test/install/roscar_interfaces/share/roscar_interfaces/environment/ament_prefix_path.dsv
-- Installing: /home/usou/dev_ws/ros2_comu_test/ros2_communication_test/install/roscar_interfaces/share/roscar_interfaces/environment/path.sh
-- Installing: /home/usou/dev_ws/ros2_comu_test/ros2_communication_test/install/roscar_interfaces/share/roscar_interfaces/environment/path.dsv
-- Installing: /home/usou/dev_ws/ros2_comu_test/ros2_communication_test/install/roscar_interfaces/share/roscar_interfaces/local_setup.bash
-- Installing: /home/usou/dev_ws/ros2_comu_test/ros2_communication_test/install/roscar_interfaces/share/roscar_interfaces/local_setup.sh
-- Installing: /home/usou/dev_ws/ros2_comu_test/ros2_communication_test/install/roscar_interfaces/share/roscar_interfaces/local_setup.zsh
-- Installing: /home/usou/dev_ws/ros2_comu_test/ros2_communication_test/install/roscar_interfaces/share/roscar_interfaces/local_setup.dsv
-- Installing: /home/usou/dev_ws/ros2_comu_test/ros2_communication_test/install/roscar_interfaces/share/roscar_interfaces/package.dsv
-- Installing: /home/usou/dev_ws/ros2_comu_test/ros2_communication_test/install/roscar_interfaces/share/ament_index/resource_index/packages/roscar_interfaces
-- Installing: /home/usou/dev_ws/ros2_comu_test/ros2_communication_test/install/roscar_interfaces/share/roscar_interfaces/cmake/export_roscar_interfaces__rosidl_generator_cExport.cmake
-- Installing: /home/usou/dev_ws/ros2_comu_test/ros2_communication_test/install/roscar_interfaces/share/roscar_interfaces/cmake/export_roscar_interfaces__rosidl_generator_cExport-noconfig.cmake
-- Installing: /home/usou/dev_ws/ros2_comu_test/ros2_communication_test/install/roscar_interfaces/share/roscar_interfaces/cmake/export_roscar_interfaces__rosidl_typesupport_fastrtps_cExport.cmake
-- Installing: /home/usou/dev_ws/ros2_comu_test/ros2_communication_test/install/roscar_interfaces/share/roscar_interfaces/cmake/export_roscar_interfaces__rosidl_typesupport_fastrtps_cExport-noconfig.cmake
-- Installing: /home/usou/dev_ws/ros2_comu_test/ros2_communication_test/install/roscar_interfaces/share/roscar_interfaces/cmake/export_roscar_interfaces__rosidl_generator_cppExport.cmake
-- Installing: /home/usou/dev_ws/ros2_comu_test/ros2_communication_test/install/roscar_interfaces/share/roscar_interfaces/cmake/export_roscar_interfaces__rosidl_typesupport_fastrtps_cppExport.cmake
-- Installing: /home/usou/dev_ws/ros2_comu_test/ros2_communication_test/install/roscar_interfaces/share/roscar_interfaces/cmake/export_roscar_interfaces__rosidl_typesupport_fastrtps_cppExport-noconfig.cmake
-- Installing: /home/usou/dev_ws/ros2_comu_test/ros2_communication_test/install/roscar_interfaces/share/roscar_interfaces/cmake/roscar_interfaces__rosidl_typesupport_introspection_cExport.cmake
-- Installing: /home/usou/dev_ws/ros2_comu_test/ros2_communication_test/install/roscar_interfaces/share/roscar_interfaces/cmake/roscar_interfaces__rosidl_typesupport_introspection_cExport-noconfig.cmake
-- Installing: /home/usou/dev_ws/ros2_comu_test/ros2_communication_test/install/roscar_interfaces/share/roscar_interfaces/cmake/roscar_interfaces__rosidl_typesupport_cExport.cmake
-- Installing: /home/usou/dev_ws/ros2_comu_test/ros2_communication_test/install/roscar_interfaces/share/roscar_interfaces/cmake/roscar_interfaces__rosidl_typesupport_cExport-noconfig.cmake
-- Installing: /home/usou/dev_ws/ros2_comu_test/ros2_communication_test/install/roscar_interfaces/share/roscar_interfaces/cmake/roscar_interfaces__rosidl_typesupport_introspection_cppExport.cmake
-- Installing: /home/usou/dev_ws/ros2_comu_test/ros2_communication_test/install/roscar_interfaces/share/roscar_interfaces/cmake/roscar_interfaces__rosidl_typesupport_introspection_cppExport-noconfig.cmake
-- Installing: /home/usou/dev_ws/ros2_comu_test/ros2_communication_test/install/roscar_interfaces/share/roscar_interfaces/cmake/roscar_interfaces__rosidl_typesupport_cppExport.cmake
-- Installing: /home/usou/dev_ws/ros2_comu_test/ros2_communication_test/install/roscar_interfaces/share/roscar_interfaces/cmake/roscar_interfaces__rosidl_typesupport_cppExport-noconfig.cmake
-- Installing: /home/usou/dev_ws/ros2_comu_test/ros2_communication_test/install/roscar_interfaces/share/roscar_interfaces/cmake/export_roscar_interfaces__rosidl_generator_pyExport.cmake
-- Installing: /home/usou/dev_ws/ros2_comu_test/ros2_communication_test/install/roscar_interfaces/share/roscar_interfaces/cmake/export_roscar_interfaces__rosidl_generator_pyExport-noconfig.cmake
-- Installing: /home/usou/dev_ws/ros2_comu_test/ros2_communication_test/install/roscar_interfaces/share/roscar_interfaces/cmake/rosidl_cmake-extras.cmake
-- Installing: /home/usou/dev_ws/ros2_comu_test/ros2_communication_test/install/roscar_interfaces/share/roscar_interfaces/cmake/ament_cmake_export_dependencies-extras.cmake
-- Installing: /home/usou/dev_ws/ros2_comu_test/ros2_communication_test/install/roscar_interfaces/share/roscar_interfaces/cmake/ament_cmake_export_include_directories-extras.cmake
-- Installing: /home/usou/dev_ws/ros2_comu_test/ros2_communication_test/install/roscar_interfaces/share/roscar_interfaces/cmake/ament_cmake_export_libraries-extras.cmake
-- Installing: /home/usou/dev_ws/ros2_comu_test/ros2_communication_test/install/roscar_interfaces/share/roscar_interfaces/cmake/ament_cmake_export_targets-extras.cmake
-- Installing: /home/usou/dev_ws/ros2_comu_test/ros2_communication_test/install/roscar_interfaces/share/roscar_interfaces/cmake/rosidl_cmake_export_typesupport_targets-extras.cmake
-- Installing: /home/usou/dev_ws/ros2_comu_test/ros2_communication_test/install/roscar_interfaces/share/roscar_interfaces/cmake/rosidl_cmake_export_typesupport_libraries-extras.cmake
-- Installing: /home/usou/dev_ws/ros2_comu_test/ros2_communication_test/install/roscar_interfaces/share/roscar_interfaces/cmake/roscar_interfacesConfig.cmake
-- Installing: /home/usou/dev_ws/ros2_comu_test/ros2_communication_test/install/roscar_interfaces/share/roscar_interfaces/cmake/roscar_interfacesConfig-version.cmake
-- Installing: /home/usou/dev_ws/ros2_comu_test/ros2_communication_test/install/roscar_interfaces/share/roscar_interfaces/package.xml
