[0.011s] Invoking command in '/home/usou/dev_ws/ros2_comu_test/ros2_communication_test/build/roscar_interfaces': CMAKE_PREFIX_PATH=${CMAKE_PREFIX_PATH}:/opt/ros/jazzy DEBUGINFOD_URLS=https://debuginfod.ubuntu.com PS1=(ros2) \[\e]0;\u@\h: \w\a\]${debian_chroot:+($debian_chroot)}\[\033[01;32m\]\u@\h\[\033[00m\]:\[\033[01;34m\]\w\[\033[00m\]\$ VIRTUAL_ENV_PROMPT=(ros2) /usr/bin/cmake /home/usou/dev_ws/ros2_comu_test/ros2_communication_test/src/roscar_interfaces -DCMAKE_INSTALL_PREFIX=/home/usou/dev_ws/ros2_comu_test/ros2_communication_test/install/roscar_interfaces
[0.022s] -- Found ament_cmake: 2.5.4 (/opt/ros/jazzy/share/ament_cmake/cmake)
[0.162s] -- Found std_msgs: 5.3.6 (/opt/ros/jazzy/share/std_msgs/cmake)
[0.183s] -- Found rosidl_generator_c: 4.6.5 (/opt/ros/jazzy/share/rosidl_generator_c/cmake)
[0.190s] -- Found rosidl_generator_cpp: 4.6.5 (/opt/ros/jazzy/share/rosidl_generator_cpp/cmake)
[0.199s] -- Using all available rosidl_typesupport_c: rosidl_typesupport_fastrtps_c;rosidl_typesupport_introspection_c
[0.210s] -- Using all available rosidl_typesupport_cpp: rosidl_typesupport_fastrtps_cpp;rosidl_typesupport_introspection_cpp
[0.232s] -- Found rosidl_default_generators: 1.6.0 (/opt/ros/jazzy/share/rosidl_default_generators/cmake)
[0.238s] -- Found rosidl_adapter: 4.6.5 (/opt/ros/jazzy/share/rosidl_adapter/cmake)
[0.624s] -- Found ament_cmake_ros: 0.12.0 (/opt/ros/jazzy/share/ament_cmake_ros/cmake)
[1.088s] -- Using all available rosidl_typesupport_c: rosidl_typesupport_fastrtps_c;rosidl_typesupport_introspection_c
[1.269s] -- Using all available rosidl_typesupport_cpp: rosidl_typesupport_fastrtps_cpp;rosidl_typesupport_introspection_cpp
[1.273s] -- Found python_cmake_module: 0.11.1 (/opt/ros/jazzy/share/python_cmake_module/cmake)
[1.353s] -- Found PythonExtra: /home/usou/venv/ros2/bin/python3  
[1.687s] -- Found Python3: /home/usou/venv/ros2/bin/python3 (found version "3.12.3") found components: Interpreter Development NumPy Development.Module Development.Embed 
[1.731s] -- Configuring done (1.7s)
[1.756s] -- Generating done (0.0s)
[1.764s] -- Build files have been written to: /home/usou/dev_ws/ros2_comu_test/ros2_communication_test/build/roscar_interfaces
[1.769s] Invoked command in '/home/usou/dev_ws/ros2_comu_test/ros2_communication_test/build/roscar_interfaces' returned '0': CMAKE_PREFIX_PATH=${CMAKE_PREFIX_PATH}:/opt/ros/jazzy DEBUGINFOD_URLS=https://debuginfod.ubuntu.com PS1=(ros2) \[\e]0;\u@\h: \w\a\]${debian_chroot:+($debian_chroot)}\[\033[01;32m\]\u@\h\[\033[00m\]:\[\033[01;34m\]\w\[\033[00m\]\$ VIRTUAL_ENV_PROMPT=(ros2) /usr/bin/cmake /home/usou/dev_ws/ros2_comu_test/ros2_communication_test/src/roscar_interfaces -DCMAKE_INSTALL_PREFIX=/home/usou/dev_ws/ros2_comu_test/ros2_communication_test/install/roscar_interfaces
[1.770s] Invoking command in '/home/usou/dev_ws/ros2_comu_test/ros2_communication_test/build/roscar_interfaces': CMAKE_PREFIX_PATH=${CMAKE_PREFIX_PATH}:/opt/ros/jazzy DEBUGINFOD_URLS=https://debuginfod.ubuntu.com PS1=(ros2) \[\e]0;\u@\h: \w\a\]${debian_chroot:+($debian_chroot)}\[\033[01;32m\]\u@\h\[\033[00m\]:\[\033[01;34m\]\w\[\033[00m\]\$ VIRTUAL_ENV_PROMPT=(ros2) /usr/bin/cmake --build /home/usou/dev_ws/ros2_comu_test/ros2_communication_test/build/roscar_interfaces -- -j12 -l12
[1.808s] [  2%] [34m[1mGenerating type hashes for ROS interfaces[0m
[1.815s] [  2%] Built target ament_cmake_python_copy_roscar_interfaces
[1.955s] [  2%] Built target roscar_interfaces__rosidl_generator_type_description
[1.962s] [  5%] [34m[1mGenerating C code for ROS interfaces[0m
[1.970s] [  8%] [34m[1mGenerating C++ code for ROS interfaces[0m
[2.040s] running egg_info
[2.055s] creating roscar_interfaces.egg-info
[2.056s] writing roscar_interfaces.egg-info/PKG-INFO
[2.056s] writing dependency_links to roscar_interfaces.egg-info/dependency_links.txt
[2.056s] writing top-level names to roscar_interfaces.egg-info/top_level.txt
[2.056s] writing manifest file 'roscar_interfaces.egg-info/SOURCES.txt'
[2.103s] reading manifest file 'roscar_interfaces.egg-info/SOURCES.txt'
[2.104s] writing manifest file 'roscar_interfaces.egg-info/SOURCES.txt'
[2.131s] [  8%] Built target ament_cmake_python_build_roscar_interfaces_egg
[2.175s] [  8%] Built target roscar_interfaces__cpp
[2.202s] [ 17%] [32mBuilding C object CMakeFiles/roscar_interfaces__rosidl_generator_c.dir/rosidl_generator_c/roscar_interfaces/msg/detail/gui_command__description.c.o[0m
[2.202s] [ 17%] [32mBuilding C object CMakeFiles/roscar_interfaces__rosidl_generator_c.dir/rosidl_generator_c/roscar_interfaces/msg/detail/gui_command__functions.c.o[0m
[2.202s] [ 17%] [32mBuilding C object CMakeFiles/roscar_interfaces__rosidl_generator_c.dir/rosidl_generator_c/roscar_interfaces/msg/detail/gui_command__type_support.c.o[0m
[2.251s] [ 20%] [32m[1mLinking C shared library libroscar_interfaces__rosidl_generator_c.so[0m
[2.278s] [ 20%] Built target roscar_interfaces__rosidl_generator_c
[2.285s] [ 35%] [34m[1mGenerating C type support for eProsima Fast-RTPS[0m
[2.286s] [ 35%] [34m[1mGenerating C introspection for ROS interfaces[0m
[2.286s] [ 35%] [34m[1mGenerating C++ type support dispatch for ROS interfaces[0m
[2.286s] [ 35%] [34m[1mGenerating C++ type support for eProsima Fast-RTPS[0m
[2.286s] [ 38%] [34m[1mGenerating C type support dispatch for ROS interfaces[0m
[2.286s] [ 38%] [34m[1mGenerating C++ introspection for ROS interfaces[0m
[2.477s] [ 44%] [32mBuilding CXX object CMakeFiles/roscar_interfaces__rosidl_typesupport_c.dir/rosidl_typesupport_c/roscar_interfaces/msg/gui_command__type_support.cpp.o[0m
[2.477s] [ 44%] [32mBuilding CXX object CMakeFiles/roscar_interfaces__rosidl_typesupport_cpp.dir/rosidl_typesupport_cpp/roscar_interfaces/msg/gui_command__type_support.cpp.o[0m
[2.496s] [ 47%] [32mBuilding C object CMakeFiles/roscar_interfaces__rosidl_typesupport_introspection_c.dir/rosidl_typesupport_introspection_c/roscar_interfaces/msg/detail/gui_command__type_support.c.o[0m
[2.497s] [ 50%] [32mBuilding CXX object CMakeFiles/roscar_interfaces__rosidl_typesupport_introspection_cpp.dir/rosidl_typesupport_introspection_cpp/roscar_interfaces/msg/detail/gui_command__type_support.cpp.o[0m
[2.514s] [ 52%] [32mBuilding CXX object CMakeFiles/roscar_interfaces__rosidl_typesupport_fastrtps_cpp.dir/rosidl_typesupport_fastrtps_cpp/roscar_interfaces/msg/detail/dds_fastrtps/gui_command__type_support.cpp.o[0m
[2.518s] [ 55%] [32m[1mLinking CXX shared library libroscar_interfaces__rosidl_typesupport_c.so[0m
[2.523s] [ 58%] [32mBuilding CXX object CMakeFiles/roscar_interfaces__rosidl_typesupport_fastrtps_c.dir/rosidl_typesupport_fastrtps_c/roscar_interfaces/msg/detail/gui_command__type_support_c.cpp.o[0m
[2.527s] [ 61%] [32m[1mLinking C shared library libroscar_interfaces__rosidl_typesupport_introspection_c.so[0m
[2.552s] [ 61%] Built target roscar_interfaces__rosidl_typesupport_c
[2.552s] [ 61%] Built target roscar_interfaces__rosidl_typesupport_introspection_c
[2.769s] [ 64%] [32m[1mLinking CXX shared library libroscar_interfaces__rosidl_typesupport_cpp.so[0m
[2.785s] [ 67%] [32m[1mLinking CXX shared library libroscar_interfaces__rosidl_typesupport_introspection_cpp.so[0m
[2.804s] [ 67%] Built target roscar_interfaces__rosidl_typesupport_cpp
[2.839s] [ 67%] Built target roscar_interfaces__rosidl_typesupport_introspection_cpp
[2.894s] [ 70%] [32m[1mLinking CXX shared library libroscar_interfaces__rosidl_typesupport_fastrtps_cpp.so[0m
[2.896s] [ 73%] [32m[1mLinking CXX shared library libroscar_interfaces__rosidl_typesupport_fastrtps_c.so[0m
[2.956s] [ 73%] Built target roscar_interfaces__rosidl_typesupport_fastrtps_c
[2.956s] [ 73%] Built target roscar_interfaces__rosidl_typesupport_fastrtps_cpp
[2.971s] [ 73%] Built target roscar_interfaces
[2.985s] [ 76%] [34m[1mGenerating Python code for ROS interfaces[0m
[3.201s] [ 76%] Built target roscar_interfaces__py
[3.218s] [ 79%] [32mBuilding C object CMakeFiles/roscar_interfaces__rosidl_generator_py.dir/rosidl_generator_py/roscar_interfaces/msg/_gui_command_s.c.o[0m
[3.337s] [ 82%] [32m[1mLinking C shared library libroscar_interfaces__rosidl_generator_py.so[0m
[3.369s] [ 82%] Built target roscar_interfaces__rosidl_generator_py
[3.386s] [ 91%] [32mBuilding C object CMakeFiles/roscar_interfaces_s__rosidl_typesupport_introspection_c.dir/rosidl_generator_py/roscar_interfaces/_roscar_interfaces_s.ep.rosidl_typesupport_introspection_c.c.o[0m
[3.386s] [ 91%] [32mBuilding C object CMakeFiles/roscar_interfaces_s__rosidl_typesupport_fastrtps_c.dir/rosidl_generator_py/roscar_interfaces/_roscar_interfaces_s.ep.rosidl_typesupport_fastrtps_c.c.o[0m
[3.386s] [ 91%] [32mBuilding C object CMakeFiles/roscar_interfaces_s__rosidl_typesupport_c.dir/rosidl_generator_py/roscar_interfaces/_roscar_interfaces_s.ep.rosidl_typesupport_c.c.o[0m
[3.466s] [ 97%] [32m[1mLinking C shared module rosidl_generator_py/roscar_interfaces/roscar_interfaces_s__rosidl_typesupport_c.so[0m
[3.466s] [ 97%] [32m[1mLinking C shared module rosidl_generator_py/roscar_interfaces/roscar_interfaces_s__rosidl_typesupport_introspection_c.so[0m
[3.468s] [100%] [32m[1mLinking C shared module rosidl_generator_py/roscar_interfaces/roscar_interfaces_s__rosidl_typesupport_fastrtps_c.so[0m
[3.489s] [100%] Built target roscar_interfaces_s__rosidl_typesupport_introspection_c
[3.489s] [100%] Built target roscar_interfaces_s__rosidl_typesupport_c
[3.490s] [100%] Built target roscar_interfaces_s__rosidl_typesupport_fastrtps_c
[3.499s] Invoked command in '/home/usou/dev_ws/ros2_comu_test/ros2_communication_test/build/roscar_interfaces' returned '0': CMAKE_PREFIX_PATH=${CMAKE_PREFIX_PATH}:/opt/ros/jazzy DEBUGINFOD_URLS=https://debuginfod.ubuntu.com PS1=(ros2) \[\e]0;\u@\h: \w\a\]${debian_chroot:+($debian_chroot)}\[\033[01;32m\]\u@\h\[\033[00m\]:\[\033[01;34m\]\w\[\033[00m\]\$ VIRTUAL_ENV_PROMPT=(ros2) /usr/bin/cmake --build /home/usou/dev_ws/ros2_comu_test/ros2_communication_test/build/roscar_interfaces -- -j12 -l12
[3.506s] Invoking command in '/home/usou/dev_ws/ros2_comu_test/ros2_communication_test/build/roscar_interfaces': CMAKE_PREFIX_PATH=${CMAKE_PREFIX_PATH}:/opt/ros/jazzy DEBUGINFOD_URLS=https://debuginfod.ubuntu.com PS1=(ros2) \[\e]0;\u@\h: \w\a\]${debian_chroot:+($debian_chroot)}\[\033[01;32m\]\u@\h\[\033[00m\]:\[\033[01;34m\]\w\[\033[00m\]\$ VIRTUAL_ENV_PROMPT=(ros2) /usr/bin/cmake --install /home/usou/dev_ws/ros2_comu_test/ros2_communication_test/build/roscar_interfaces
[3.514s] -- Install configuration: ""
[3.514s] -- Installing: /home/usou/dev_ws/ros2_comu_test/ros2_communication_test/install/roscar_interfaces/share/ament_index/resource_index/rosidl_interfaces/roscar_interfaces
[3.514s] -- Installing: /home/usou/dev_ws/ros2_comu_test/ros2_communication_test/install/roscar_interfaces/share/roscar_interfaces/msg/GuiCommand.json
[3.514s] -- Installing: /home/usou/dev_ws/ros2_comu_test/ros2_communication_test/install/roscar_interfaces/include/roscar_interfaces/roscar_interfaces
[3.515s] -- Installing: /home/usou/dev_ws/ros2_comu_test/ros2_communication_test/install/roscar_interfaces/include/roscar_interfaces/roscar_interfaces/msg
[3.515s] -- Installing: /home/usou/dev_ws/ros2_comu_test/ros2_communication_test/install/roscar_interfaces/include/roscar_interfaces/roscar_interfaces/msg/detail
[3.515s] -- Installing: /home/usou/dev_ws/ros2_comu_test/ros2_communication_test/install/roscar_interfaces/include/roscar_interfaces/roscar_interfaces/msg/detail/gui_command__type_support.h
[3.515s] -- Installing: /home/usou/dev_ws/ros2_comu_test/ros2_communication_test/install/roscar_interfaces/include/roscar_interfaces/roscar_interfaces/msg/detail/gui_command__description.c
[3.515s] -- Installing: /home/usou/dev_ws/ros2_comu_test/ros2_communication_test/install/roscar_interfaces/include/roscar_interfaces/roscar_interfaces/msg/detail/gui_command__type_support.c
[3.515s] -- Installing: /home/usou/dev_ws/ros2_comu_test/ros2_communication_test/install/roscar_interfaces/include/roscar_interfaces/roscar_interfaces/msg/detail/gui_command__functions.h
[3.515s] -- Installing: /home/usou/dev_ws/ros2_comu_test/ros2_communication_test/install/roscar_interfaces/include/roscar_interfaces/roscar_interfaces/msg/detail/gui_command__functions.c
[3.515s] -- Installing: /home/usou/dev_ws/ros2_comu_test/ros2_communication_test/install/roscar_interfaces/include/roscar_interfaces/roscar_interfaces/msg/detail/gui_command__struct.h
[3.515s] -- Installing: /home/usou/dev_ws/ros2_comu_test/ros2_communication_test/install/roscar_interfaces/include/roscar_interfaces/roscar_interfaces/msg/gui_command.h
[3.515s] -- Installing: /home/usou/dev_ws/ros2_comu_test/ros2_communication_test/install/roscar_interfaces/include/roscar_interfaces/roscar_interfaces/msg/rosidl_generator_c__visibility_control.h
[3.515s] -- Installing: /home/usou/dev_ws/ros2_comu_test/ros2_communication_test/install/roscar_interfaces/share/roscar_interfaces/environment/library_path.sh
[3.515s] -- Installing: /home/usou/dev_ws/ros2_comu_test/ros2_communication_test/install/roscar_interfaces/share/roscar_interfaces/environment/library_path.dsv
[3.515s] -- Installing: /home/usou/dev_ws/ros2_comu_test/ros2_communication_test/install/roscar_interfaces/lib/libroscar_interfaces__rosidl_generator_c.so
[3.516s] -- Set non-toolchain portion of runtime path of "/home/usou/dev_ws/ros2_comu_test/ros2_communication_test/install/roscar_interfaces/lib/libroscar_interfaces__rosidl_generator_c.so" to ""
[3.516s] -- Up-to-date: /home/usou/dev_ws/ros2_comu_test/ros2_communication_test/install/roscar_interfaces/include/roscar_interfaces/roscar_interfaces
[3.516s] -- Up-to-date: /home/usou/dev_ws/ros2_comu_test/ros2_communication_test/install/roscar_interfaces/include/roscar_interfaces/roscar_interfaces/msg
[3.516s] -- Up-to-date: /home/usou/dev_ws/ros2_comu_test/ros2_communication_test/install/roscar_interfaces/include/roscar_interfaces/roscar_interfaces/msg/detail
[3.516s] -- Installing: /home/usou/dev_ws/ros2_comu_test/ros2_communication_test/install/roscar_interfaces/include/roscar_interfaces/roscar_interfaces/msg/detail/gui_command__rosidl_typesupport_fastrtps_c.h
[3.516s] -- Installing: /home/usou/dev_ws/ros2_comu_test/ros2_communication_test/install/roscar_interfaces/include/roscar_interfaces/roscar_interfaces/msg/rosidl_typesupport_fastrtps_c__visibility_control.h
[3.516s] -- Installing: /home/usou/dev_ws/ros2_comu_test/ros2_communication_test/install/roscar_interfaces/lib/libroscar_interfaces__rosidl_typesupport_fastrtps_c.so
[3.516s] -- Set non-toolchain portion of runtime path of "/home/usou/dev_ws/ros2_comu_test/ros2_communication_test/install/roscar_interfaces/lib/libroscar_interfaces__rosidl_typesupport_fastrtps_c.so" to ""
[3.517s] -- Up-to-date: /home/usou/dev_ws/ros2_comu_test/ros2_communication_test/install/roscar_interfaces/include/roscar_interfaces/roscar_interfaces
[3.517s] -- Up-to-date: /home/usou/dev_ws/ros2_comu_test/ros2_communication_test/install/roscar_interfaces/include/roscar_interfaces/roscar_interfaces/msg
[3.517s] -- Up-to-date: /home/usou/dev_ws/ros2_comu_test/ros2_communication_test/install/roscar_interfaces/include/roscar_interfaces/roscar_interfaces/msg/detail
[3.517s] -- Installing: /home/usou/dev_ws/ros2_comu_test/ros2_communication_test/install/roscar_interfaces/include/roscar_interfaces/roscar_interfaces/msg/detail/gui_command__type_support.hpp
[3.517s] -- Installing: /home/usou/dev_ws/ros2_comu_test/ros2_communication_test/install/roscar_interfaces/include/roscar_interfaces/roscar_interfaces/msg/detail/gui_command__builder.hpp
[3.517s] -- Installing: /home/usou/dev_ws/ros2_comu_test/ros2_communication_test/install/roscar_interfaces/include/roscar_interfaces/roscar_interfaces/msg/detail/gui_command__struct.hpp
[3.517s] -- Installing: /home/usou/dev_ws/ros2_comu_test/ros2_communication_test/install/roscar_interfaces/include/roscar_interfaces/roscar_interfaces/msg/detail/gui_command__traits.hpp
[3.517s] -- Installing: /home/usou/dev_ws/ros2_comu_test/ros2_communication_test/install/roscar_interfaces/include/roscar_interfaces/roscar_interfaces/msg/gui_command.hpp
[3.517s] -- Installing: /home/usou/dev_ws/ros2_comu_test/ros2_communication_test/install/roscar_interfaces/include/roscar_interfaces/roscar_interfaces/msg/rosidl_generator_cpp__visibility_control.hpp
[3.517s] -- Up-to-date: /home/usou/dev_ws/ros2_comu_test/ros2_communication_test/install/roscar_interfaces/include/roscar_interfaces/roscar_interfaces
[3.517s] -- Up-to-date: /home/usou/dev_ws/ros2_comu_test/ros2_communication_test/install/roscar_interfaces/include/roscar_interfaces/roscar_interfaces/msg
[3.517s] -- Installing: /home/usou/dev_ws/ros2_comu_test/ros2_communication_test/install/roscar_interfaces/include/roscar_interfaces/roscar_interfaces/msg/rosidl_typesupport_fastrtps_cpp__visibility_control.h
[3.517s] -- Up-to-date: /home/usou/dev_ws/ros2_comu_test/ros2_communication_test/install/roscar_interfaces/include/roscar_interfaces/roscar_interfaces/msg/detail
[3.517s] -- Installing: /home/usou/dev_ws/ros2_comu_test/ros2_communication_test/install/roscar_interfaces/include/roscar_interfaces/roscar_interfaces/msg/detail/gui_command__rosidl_typesupport_fastrtps_cpp.hpp
[3.517s] -- Installing: /home/usou/dev_ws/ros2_comu_test/ros2_communication_test/install/roscar_interfaces/include/roscar_interfaces/roscar_interfaces/msg/detail/dds_fastrtps
[3.517s] -- Installing: /home/usou/dev_ws/ros2_comu_test/ros2_communication_test/install/roscar_interfaces/lib/libroscar_interfaces__rosidl_typesupport_fastrtps_cpp.so
[3.518s] -- Set non-toolchain portion of runtime path of "/home/usou/dev_ws/ros2_comu_test/ros2_communication_test/install/roscar_interfaces/lib/libroscar_interfaces__rosidl_typesupport_fastrtps_cpp.so" to ""
[3.518s] -- Up-to-date: /home/usou/dev_ws/ros2_comu_test/ros2_communication_test/install/roscar_interfaces/include/roscar_interfaces/roscar_interfaces
[3.518s] -- Up-to-date: /home/usou/dev_ws/ros2_comu_test/ros2_communication_test/install/roscar_interfaces/include/roscar_interfaces/roscar_interfaces/msg
[3.518s] -- Up-to-date: /home/usou/dev_ws/ros2_comu_test/ros2_communication_test/install/roscar_interfaces/include/roscar_interfaces/roscar_interfaces/msg/detail
[3.518s] -- Installing: /home/usou/dev_ws/ros2_comu_test/ros2_communication_test/install/roscar_interfaces/include/roscar_interfaces/roscar_interfaces/msg/detail/gui_command__type_support.c
[3.518s] -- Installing: /home/usou/dev_ws/ros2_comu_test/ros2_communication_test/install/roscar_interfaces/include/roscar_interfaces/roscar_interfaces/msg/detail/gui_command__rosidl_typesupport_introspection_c.h
[3.518s] -- Installing: /home/usou/dev_ws/ros2_comu_test/ros2_communication_test/install/roscar_interfaces/include/roscar_interfaces/roscar_interfaces/msg/rosidl_typesupport_introspection_c__visibility_control.h
[3.518s] -- Installing: /home/usou/dev_ws/ros2_comu_test/ros2_communication_test/install/roscar_interfaces/lib/libroscar_interfaces__rosidl_typesupport_introspection_c.so
[3.518s] -- Set non-toolchain portion of runtime path of "/home/usou/dev_ws/ros2_comu_test/ros2_communication_test/install/roscar_interfaces/lib/libroscar_interfaces__rosidl_typesupport_introspection_c.so" to ""
[3.518s] -- Installing: /home/usou/dev_ws/ros2_comu_test/ros2_communication_test/install/roscar_interfaces/lib/libroscar_interfaces__rosidl_typesupport_c.so
[3.518s] -- Set non-toolchain portion of runtime path of "/home/usou/dev_ws/ros2_comu_test/ros2_communication_test/install/roscar_interfaces/lib/libroscar_interfaces__rosidl_typesupport_c.so" to ""
[3.518s] -- Up-to-date: /home/usou/dev_ws/ros2_comu_test/ros2_communication_test/install/roscar_interfaces/include/roscar_interfaces/roscar_interfaces
[3.518s] -- Up-to-date: /home/usou/dev_ws/ros2_comu_test/ros2_communication_test/install/roscar_interfaces/include/roscar_interfaces/roscar_interfaces/msg
[3.518s] -- Up-to-date: /home/usou/dev_ws/ros2_comu_test/ros2_communication_test/install/roscar_interfaces/include/roscar_interfaces/roscar_interfaces/msg/detail
[3.518s] -- Installing: /home/usou/dev_ws/ros2_comu_test/ros2_communication_test/install/roscar_interfaces/include/roscar_interfaces/roscar_interfaces/msg/detail/gui_command__type_support.cpp
[3.518s] -- Installing: /home/usou/dev_ws/ros2_comu_test/ros2_communication_test/install/roscar_interfaces/include/roscar_interfaces/roscar_interfaces/msg/detail/gui_command__rosidl_typesupport_introspection_cpp.hpp
[3.519s] -- Installing: /home/usou/dev_ws/ros2_comu_test/ros2_communication_test/install/roscar_interfaces/lib/libroscar_interfaces__rosidl_typesupport_introspection_cpp.so
[3.519s] -- Set non-toolchain portion of runtime path of "/home/usou/dev_ws/ros2_comu_test/ros2_communication_test/install/roscar_interfaces/lib/libroscar_interfaces__rosidl_typesupport_introspection_cpp.so" to ""
[3.519s] -- Installing: /home/usou/dev_ws/ros2_comu_test/ros2_communication_test/install/roscar_interfaces/lib/libroscar_interfaces__rosidl_typesupport_cpp.so
[3.519s] -- Set non-toolchain portion of runtime path of "/home/usou/dev_ws/ros2_comu_test/ros2_communication_test/install/roscar_interfaces/lib/libroscar_interfaces__rosidl_typesupport_cpp.so" to ""
[3.519s] -- Installing: /home/usou/dev_ws/ros2_comu_test/ros2_communication_test/install/roscar_interfaces/share/roscar_interfaces/environment/pythonpath.sh
[3.519s] -- Installing: /home/usou/dev_ws/ros2_comu_test/ros2_communication_test/install/roscar_interfaces/share/roscar_interfaces/environment/pythonpath.dsv
[3.519s] -- Installing: /home/usou/dev_ws/ros2_comu_test/ros2_communication_test/install/roscar_interfaces/lib/python3.12/site-packages/roscar_interfaces-0.0.0-py3.12.egg-info
[3.519s] -- Installing: /home/usou/dev_ws/ros2_comu_test/ros2_communication_test/install/roscar_interfaces/lib/python3.12/site-packages/roscar_interfaces-0.0.0-py3.12.egg-info/PKG-INFO
[3.519s] -- Installing: /home/usou/dev_ws/ros2_comu_test/ros2_communication_test/install/roscar_interfaces/lib/python3.12/site-packages/roscar_interfaces-0.0.0-py3.12.egg-info/top_level.txt
[3.519s] -- Installing: /home/usou/dev_ws/ros2_comu_test/ros2_communication_test/install/roscar_interfaces/lib/python3.12/site-packages/roscar_interfaces-0.0.0-py3.12.egg-info/dependency_links.txt
[3.519s] -- Installing: /home/usou/dev_ws/ros2_comu_test/ros2_communication_test/install/roscar_interfaces/lib/python3.12/site-packages/roscar_interfaces-0.0.0-py3.12.egg-info/SOURCES.txt
[3.519s] -- Installing: /home/usou/dev_ws/ros2_comu_test/ros2_communication_test/install/roscar_interfaces/lib/python3.12/site-packages/roscar_interfaces
[3.519s] -- Installing: /home/usou/dev_ws/ros2_comu_test/ros2_communication_test/install/roscar_interfaces/lib/python3.12/site-packages/roscar_interfaces/msg
[3.519s] -- Installing: /home/usou/dev_ws/ros2_comu_test/ros2_communication_test/install/roscar_interfaces/lib/python3.12/site-packages/roscar_interfaces/msg/_gui_command_s.c
[3.519s] -- Installing: /home/usou/dev_ws/ros2_comu_test/ros2_communication_test/install/roscar_interfaces/lib/python3.12/site-packages/roscar_interfaces/msg/_gui_command.py
[3.519s] -- Installing: /home/usou/dev_ws/ros2_comu_test/ros2_communication_test/install/roscar_interfaces/lib/python3.12/site-packages/roscar_interfaces/msg/__init__.py
[3.520s] -- Installing: /home/usou/dev_ws/ros2_comu_test/ros2_communication_test/install/roscar_interfaces/lib/python3.12/site-packages/roscar_interfaces/roscar_interfaces_s__rosidl_typesupport_c.so
[3.520s] -- Installing: /home/usou/dev_ws/ros2_comu_test/ros2_communication_test/install/roscar_interfaces/lib/python3.12/site-packages/roscar_interfaces/roscar_interfaces_s__rosidl_typesupport_introspection_c.so
[3.520s] -- Installing: /home/usou/dev_ws/ros2_comu_test/ros2_communication_test/install/roscar_interfaces/lib/python3.12/site-packages/roscar_interfaces/__init__.py
[3.520s] -- Installing: /home/usou/dev_ws/ros2_comu_test/ros2_communication_test/install/roscar_interfaces/lib/python3.12/site-packages/roscar_interfaces/_roscar_interfaces_s.ep.rosidl_typesupport_c.c
[3.520s] -- Installing: /home/usou/dev_ws/ros2_comu_test/ros2_communication_test/install/roscar_interfaces/lib/python3.12/site-packages/roscar_interfaces/_roscar_interfaces_s.ep.rosidl_typesupport_introspection_c.c
[3.520s] -- Installing: /home/usou/dev_ws/ros2_comu_test/ros2_communication_test/install/roscar_interfaces/lib/python3.12/site-packages/roscar_interfaces/roscar_interfaces_s__rosidl_typesupport_fastrtps_c.so
[3.520s] -- Installing: /home/usou/dev_ws/ros2_comu_test/ros2_communication_test/install/roscar_interfaces/lib/python3.12/site-packages/roscar_interfaces/_roscar_interfaces_s.ep.rosidl_typesupport_fastrtps_c.c
[3.549s] Listing '/home/usou/dev_ws/ros2_comu_test/ros2_communication_test/install/roscar_interfaces/lib/python3.12/site-packages/roscar_interfaces'...
[3.549s] Compiling '/home/usou/dev_ws/ros2_comu_test/ros2_communication_test/install/roscar_interfaces/lib/python3.12/site-packages/roscar_interfaces/__init__.py'...
[3.549s] Listing '/home/usou/dev_ws/ros2_comu_test/ros2_communication_test/install/roscar_interfaces/lib/python3.12/site-packages/roscar_interfaces/msg'...
[3.549s] Compiling '/home/usou/dev_ws/ros2_comu_test/ros2_communication_test/install/roscar_interfaces/lib/python3.12/site-packages/roscar_interfaces/msg/__init__.py'...
[3.549s] Compiling '/home/usou/dev_ws/ros2_comu_test/ros2_communication_test/install/roscar_interfaces/lib/python3.12/site-packages/roscar_interfaces/msg/_gui_command.py'...
[3.553s] -- Installing: /home/usou/dev_ws/ros2_comu_test/ros2_communication_test/install/roscar_interfaces/lib/python3.12/site-packages/roscar_interfaces/roscar_interfaces_s__rosidl_typesupport_fastrtps_c.so
[3.553s] -- Set non-toolchain portion of runtime path of "/home/usou/dev_ws/ros2_comu_test/ros2_communication_test/install/roscar_interfaces/lib/python3.12/site-packages/roscar_interfaces/roscar_interfaces_s__rosidl_typesupport_fastrtps_c.so" to ""
[3.553s] -- Installing: /home/usou/dev_ws/ros2_comu_test/ros2_communication_test/install/roscar_interfaces/lib/python3.12/site-packages/roscar_interfaces/roscar_interfaces_s__rosidl_typesupport_introspection_c.so
[3.553s] -- Set non-toolchain portion of runtime path of "/home/usou/dev_ws/ros2_comu_test/ros2_communication_test/install/roscar_interfaces/lib/python3.12/site-packages/roscar_interfaces/roscar_interfaces_s__rosidl_typesupport_introspection_c.so" to ""
[3.553s] -- Installing: /home/usou/dev_ws/ros2_comu_test/ros2_communication_test/install/roscar_interfaces/lib/python3.12/site-packages/roscar_interfaces/roscar_interfaces_s__rosidl_typesupport_c.so
[3.553s] -- Set non-toolchain portion of runtime path of "/home/usou/dev_ws/ros2_comu_test/ros2_communication_test/install/roscar_interfaces/lib/python3.12/site-packages/roscar_interfaces/roscar_interfaces_s__rosidl_typesupport_c.so" to ""
[3.554s] -- Installing: /home/usou/dev_ws/ros2_comu_test/ros2_communication_test/install/roscar_interfaces/lib/libroscar_interfaces__rosidl_generator_py.so
[3.554s] -- Set non-toolchain portion of runtime path of "/home/usou/dev_ws/ros2_comu_test/ros2_communication_test/install/roscar_interfaces/lib/libroscar_interfaces__rosidl_generator_py.so" to ""
[3.554s] -- Installing: /home/usou/dev_ws/ros2_comu_test/ros2_communication_test/install/roscar_interfaces/share/roscar_interfaces/msg/GuiCommand.idl
[3.554s] -- Installing: /home/usou/dev_ws/ros2_comu_test/ros2_communication_test/install/roscar_interfaces/share/roscar_interfaces/msg/GuiCommand.msg
[3.554s] -- Installing: /home/usou/dev_ws/ros2_comu_test/ros2_communication_test/install/roscar_interfaces/share/ament_index/resource_index/package_run_dependencies/roscar_interfaces
[3.554s] -- Installing: /home/usou/dev_ws/ros2_comu_test/ros2_communication_test/install/roscar_interfaces/share/ament_index/resource_index/parent_prefix_path/roscar_interfaces
[3.554s] -- Installing: /home/usou/dev_ws/ros2_comu_test/ros2_communication_test/install/roscar_interfaces/share/roscar_interfaces/environment/ament_prefix_path.sh
[3.554s] -- Installing: /home/usou/dev_ws/ros2_comu_test/ros2_communication_test/install/roscar_interfaces/share/roscar_interfaces/environment/ament_prefix_path.dsv
[3.554s] -- Installing: /home/usou/dev_ws/ros2_comu_test/ros2_communication_test/install/roscar_interfaces/share/roscar_interfaces/environment/path.sh
[3.554s] -- Installing: /home/usou/dev_ws/ros2_comu_test/ros2_communication_test/install/roscar_interfaces/share/roscar_interfaces/environment/path.dsv
[3.554s] -- Installing: /home/usou/dev_ws/ros2_comu_test/ros2_communication_test/install/roscar_interfaces/share/roscar_interfaces/local_setup.bash
[3.554s] -- Installing: /home/usou/dev_ws/ros2_comu_test/ros2_communication_test/install/roscar_interfaces/share/roscar_interfaces/local_setup.sh
[3.555s] -- Installing: /home/usou/dev_ws/ros2_comu_test/ros2_communication_test/install/roscar_interfaces/share/roscar_interfaces/local_setup.zsh
[3.555s] -- Installing: /home/usou/dev_ws/ros2_comu_test/ros2_communication_test/install/roscar_interfaces/share/roscar_interfaces/local_setup.dsv
[3.555s] -- Installing: /home/usou/dev_ws/ros2_comu_test/ros2_communication_test/install/roscar_interfaces/share/roscar_interfaces/package.dsv
[3.555s] -- Installing: /home/usou/dev_ws/ros2_comu_test/ros2_communication_test/install/roscar_interfaces/share/ament_index/resource_index/packages/roscar_interfaces
[3.555s] -- Installing: /home/usou/dev_ws/ros2_comu_test/ros2_communication_test/install/roscar_interfaces/share/roscar_interfaces/cmake/export_roscar_interfaces__rosidl_generator_cExport.cmake
[3.555s] -- Installing: /home/usou/dev_ws/ros2_comu_test/ros2_communication_test/install/roscar_interfaces/share/roscar_interfaces/cmake/export_roscar_interfaces__rosidl_generator_cExport-noconfig.cmake
[3.555s] -- Installing: /home/usou/dev_ws/ros2_comu_test/ros2_communication_test/install/roscar_interfaces/share/roscar_interfaces/cmake/export_roscar_interfaces__rosidl_typesupport_fastrtps_cExport.cmake
[3.555s] -- Installing: /home/usou/dev_ws/ros2_comu_test/ros2_communication_test/install/roscar_interfaces/share/roscar_interfaces/cmake/export_roscar_interfaces__rosidl_typesupport_fastrtps_cExport-noconfig.cmake
[3.555s] -- Installing: /home/usou/dev_ws/ros2_comu_test/ros2_communication_test/install/roscar_interfaces/share/roscar_interfaces/cmake/export_roscar_interfaces__rosidl_generator_cppExport.cmake
[3.555s] -- Installing: /home/usou/dev_ws/ros2_comu_test/ros2_communication_test/install/roscar_interfaces/share/roscar_interfaces/cmake/export_roscar_interfaces__rosidl_typesupport_fastrtps_cppExport.cmake
[3.555s] -- Installing: /home/usou/dev_ws/ros2_comu_test/ros2_communication_test/install/roscar_interfaces/share/roscar_interfaces/cmake/export_roscar_interfaces__rosidl_typesupport_fastrtps_cppExport-noconfig.cmake
[3.556s] -- Installing: /home/usou/dev_ws/ros2_comu_test/ros2_communication_test/install/roscar_interfaces/share/roscar_interfaces/cmake/roscar_interfaces__rosidl_typesupport_introspection_cExport.cmake
[3.556s] -- Installing: /home/usou/dev_ws/ros2_comu_test/ros2_communication_test/install/roscar_interfaces/share/roscar_interfaces/cmake/roscar_interfaces__rosidl_typesupport_introspection_cExport-noconfig.cmake
[3.556s] -- Installing: /home/usou/dev_ws/ros2_comu_test/ros2_communication_test/install/roscar_interfaces/share/roscar_interfaces/cmake/roscar_interfaces__rosidl_typesupport_cExport.cmake
[3.556s] -- Installing: /home/usou/dev_ws/ros2_comu_test/ros2_communication_test/install/roscar_interfaces/share/roscar_interfaces/cmake/roscar_interfaces__rosidl_typesupport_cExport-noconfig.cmake
[3.556s] -- Installing: /home/usou/dev_ws/ros2_comu_test/ros2_communication_test/install/roscar_interfaces/share/roscar_interfaces/cmake/roscar_interfaces__rosidl_typesupport_introspection_cppExport.cmake
[3.556s] -- Installing: /home/usou/dev_ws/ros2_comu_test/ros2_communication_test/install/roscar_interfaces/share/roscar_interfaces/cmake/roscar_interfaces__rosidl_typesupport_introspection_cppExport-noconfig.cmake
[3.556s] -- Installing: /home/usou/dev_ws/ros2_comu_test/ros2_communication_test/install/roscar_interfaces/share/roscar_interfaces/cmake/roscar_interfaces__rosidl_typesupport_cppExport.cmake
[3.556s] -- Installing: /home/usou/dev_ws/ros2_comu_test/ros2_communication_test/install/roscar_interfaces/share/roscar_interfaces/cmake/roscar_interfaces__rosidl_typesupport_cppExport-noconfig.cmake
[3.556s] -- Installing: /home/usou/dev_ws/ros2_comu_test/ros2_communication_test/install/roscar_interfaces/share/roscar_interfaces/cmake/export_roscar_interfaces__rosidl_generator_pyExport.cmake
[3.556s] -- Installing: /home/usou/dev_ws/ros2_comu_test/ros2_communication_test/install/roscar_interfaces/share/roscar_interfaces/cmake/export_roscar_interfaces__rosidl_generator_pyExport-noconfig.cmake
[3.556s] -- Installing: /home/usou/dev_ws/ros2_comu_test/ros2_communication_test/install/roscar_interfaces/share/roscar_interfaces/cmake/rosidl_cmake-extras.cmake
[3.556s] -- Installing: /home/usou/dev_ws/ros2_comu_test/ros2_communication_test/install/roscar_interfaces/share/roscar_interfaces/cmake/ament_cmake_export_dependencies-extras.cmake
[3.557s] -- Installing: /home/usou/dev_ws/ros2_comu_test/ros2_communication_test/install/roscar_interfaces/share/roscar_interfaces/cmake/ament_cmake_export_include_directories-extras.cmake
[3.557s] -- Installing: /home/usou/dev_ws/ros2_comu_test/ros2_communication_test/install/roscar_interfaces/share/roscar_interfaces/cmake/ament_cmake_export_libraries-extras.cmake
[3.557s] -- Installing: /home/usou/dev_ws/ros2_comu_test/ros2_communication_test/install/roscar_interfaces/share/roscar_interfaces/cmake/ament_cmake_export_targets-extras.cmake
[3.557s] -- Installing: /home/usou/dev_ws/ros2_comu_test/ros2_communication_test/install/roscar_interfaces/share/roscar_interfaces/cmake/rosidl_cmake_export_typesupport_targets-extras.cmake
[3.557s] -- Installing: /home/usou/dev_ws/ros2_comu_test/ros2_communication_test/install/roscar_interfaces/share/roscar_interfaces/cmake/rosidl_cmake_export_typesupport_libraries-extras.cmake
[3.557s] -- Installing: /home/usou/dev_ws/ros2_comu_test/ros2_communication_test/install/roscar_interfaces/share/roscar_interfaces/cmake/roscar_interfacesConfig.cmake
[3.557s] -- Installing: /home/usou/dev_ws/ros2_comu_test/ros2_communication_test/install/roscar_interfaces/share/roscar_interfaces/cmake/roscar_interfacesConfig-version.cmake
[3.557s] -- Installing: /home/usou/dev_ws/ros2_comu_test/ros2_communication_test/install/roscar_interfaces/share/roscar_interfaces/package.xml
[3.559s] Invoked command in '/home/usou/dev_ws/ros2_comu_test/ros2_communication_test/build/roscar_interfaces' returned '0': CMAKE_PREFIX_PATH=${CMAKE_PREFIX_PATH}:/opt/ros/jazzy DEBUGINFOD_URLS=https://debuginfod.ubuntu.com PS1=(ros2) \[\e]0;\u@\h: \w\a\]${debian_chroot:+($debian_chroot)}\[\033[01;32m\]\u@\h\[\033[00m\]:\[\033[01;34m\]\w\[\033[00m\]\$ VIRTUAL_ENV_PROMPT=(ros2) /usr/bin/cmake --install /home/usou/dev_ws/ros2_comu_test/ros2_communication_test/build/roscar_interfaces
