[0.091s] DEBUG:colcon:Command line arguments: ['/usr/bin/colcon', 'build', '--packages-select', 'roscar_interfaces', '--event-handlers', 'console_direct+']
[0.091s] DEBUG:colcon:Parsed command line arguments: Namespace(log_base=None, log_level=None, verb_name='build', build_base='build', install_base='install', merge_install=False, symlink_install=False, test_result_base=None, continue_on_error=False, executor='parallel', parallel_workers=12, event_handlers=['console_direct+'], ignore_user_meta=False, metas=['./colcon.meta'], base_paths=['.'], packages_ignore=None, packages_ignore_regex=None, paths=None, packages_up_to=None, packages_up_to_regex=None, packages_above=None, packages_above_and_dependencies=None, packages_above_depth=None, packages_select_by_dep=None, packages_skip_by_dep=None, packages_skip_up_to=None, packages_select_build_failed=False, packages_skip_build_finished=False, packages_select_test_failures=False, packages_skip_test_passed=False, packages_select=['roscar_interfaces'], packages_skip=None, packages_select_regex=None, packages_skip_regex=None, packages_start=None, packages_end=None, allow_overriding=[], cmake_args=None, cmake_target=None, cmake_target_skip_unavailable=False, cmake_clean_cache=False, cmake_clean_first=False, cmake_force_configure=False, ament_cmake_args=None, catkin_cmake_args=None, catkin_skip_building_tests=False, mixin_files=None, mixin=None, verb_parser=<colcon_mixin.mixin.mixin_argument.MixinArgumentDecorator object at 0x79dc89caf4a0>, verb_extension=<colcon_core.verb.build.BuildVerb object at 0x79dc89caf0e0>, main=<bound method BuildVerb.main of <colcon_core.verb.build.BuildVerb object at 0x79dc89caf0e0>>, mixin_verb=('build',))
[0.118s] Level 1:colcon.colcon_core.package_discovery:discover_packages(colcon_meta) check parameters
[0.118s] Level 1:colcon.colcon_core.package_discovery:discover_packages(recursive) check parameters
[0.118s] Level 1:colcon.colcon_core.package_discovery:discover_packages(ignore) check parameters
[0.118s] Level 1:colcon.colcon_core.package_discovery:discover_packages(path) check parameters
[0.118s] Level 1:colcon.colcon_core.package_discovery:discover_packages(colcon_meta) discover
[0.118s] Level 1:colcon.colcon_core.package_discovery:discover_packages(recursive) discover
[0.118s] INFO:colcon.colcon_core.package_discovery:Crawling recursively for packages in '/home/usou/dev_ws/ros2_comu_test/ros2_communication_test'
[0.119s] Level 1:colcon.colcon_core.package_identification:_identify(.) by extensions ['ignore', 'ignore_ament_install']
[0.119s] Level 1:colcon.colcon_core.package_identification:_identify(.) by extension 'ignore'
[0.119s] Level 1:colcon.colcon_core.package_identification:_identify(.) by extension 'ignore_ament_install'
[0.119s] Level 1:colcon.colcon_core.package_identification:_identify(.) by extensions ['colcon_pkg']
[0.119s] Level 1:colcon.colcon_core.package_identification:_identify(.) by extension 'colcon_pkg'
[0.119s] Level 1:colcon.colcon_core.package_identification:_identify(.) by extensions ['colcon_meta']
[0.119s] Level 1:colcon.colcon_core.package_identification:_identify(.) by extension 'colcon_meta'
[0.119s] Level 1:colcon.colcon_core.package_identification:_identify(.) by extensions ['ros']
[0.119s] Level 1:colcon.colcon_core.package_identification:_identify(.) by extension 'ros'
[0.137s] Level 1:colcon.colcon_core.package_identification:_identify(.) by extensions ['cmake', 'python']
[0.137s] Level 1:colcon.colcon_core.package_identification:_identify(.) by extension 'cmake'
[0.137s] Level 1:colcon.colcon_core.package_identification:_identify(.) by extension 'python'
[0.137s] Level 1:colcon.colcon_core.package_identification:_identify(.) by extensions ['python_setup_py']
[0.137s] Level 1:colcon.colcon_core.package_identification:_identify(.) by extension 'python_setup_py'
[0.137s] Level 1:colcon.colcon_core.package_identification:_identify(build) by extensions ['ignore', 'ignore_ament_install']
[0.137s] Level 1:colcon.colcon_core.package_identification:_identify(build) by extension 'ignore'
[0.137s] Level 1:colcon.colcon_core.package_identification:_identify(build) ignored
[0.138s] Level 1:colcon.colcon_core.package_identification:_identify(install) by extensions ['ignore', 'ignore_ament_install']
[0.138s] Level 1:colcon.colcon_core.package_identification:_identify(install) by extension 'ignore'
[0.138s] Level 1:colcon.colcon_core.package_identification:_identify(install) ignored
[0.138s] Level 1:colcon.colcon_core.package_identification:_identify(log) by extensions ['ignore', 'ignore_ament_install']
[0.138s] Level 1:colcon.colcon_core.package_identification:_identify(log) by extension 'ignore'
[0.138s] Level 1:colcon.colcon_core.package_identification:_identify(log) ignored
[0.138s] Level 1:colcon.colcon_core.package_identification:_identify(src) by extensions ['ignore', 'ignore_ament_install']
[0.138s] Level 1:colcon.colcon_core.package_identification:_identify(src) by extension 'ignore'
[0.138s] Level 1:colcon.colcon_core.package_identification:_identify(src) by extension 'ignore_ament_install'
[0.138s] Level 1:colcon.colcon_core.package_identification:_identify(src) by extensions ['colcon_pkg']
[0.138s] Level 1:colcon.colcon_core.package_identification:_identify(src) by extension 'colcon_pkg'
[0.138s] Level 1:colcon.colcon_core.package_identification:_identify(src) by extensions ['colcon_meta']
[0.138s] Level 1:colcon.colcon_core.package_identification:_identify(src) by extension 'colcon_meta'
[0.138s] Level 1:colcon.colcon_core.package_identification:_identify(src) by extensions ['ros']
[0.138s] Level 1:colcon.colcon_core.package_identification:_identify(src) by extension 'ros'
[0.138s] Level 1:colcon.colcon_core.package_identification:_identify(src) by extensions ['cmake', 'python']
[0.138s] Level 1:colcon.colcon_core.package_identification:_identify(src) by extension 'cmake'
[0.138s] Level 1:colcon.colcon_core.package_identification:_identify(src) by extension 'python'
[0.138s] Level 1:colcon.colcon_core.package_identification:_identify(src) by extensions ['python_setup_py']
[0.138s] Level 1:colcon.colcon_core.package_identification:_identify(src) by extension 'python_setup_py'
[0.138s] Level 1:colcon.colcon_core.package_identification:_identify(src/roscar_comm_py) by extensions ['ignore', 'ignore_ament_install']
[0.138s] Level 1:colcon.colcon_core.package_identification:_identify(src/roscar_comm_py) by extension 'ignore'
[0.139s] Level 1:colcon.colcon_core.package_identification:_identify(src/roscar_comm_py) by extension 'ignore_ament_install'
[0.139s] Level 1:colcon.colcon_core.package_identification:_identify(src/roscar_comm_py) by extensions ['colcon_pkg']
[0.139s] Level 1:colcon.colcon_core.package_identification:_identify(src/roscar_comm_py) by extension 'colcon_pkg'
[0.139s] Level 1:colcon.colcon_core.package_identification:_identify(src/roscar_comm_py) by extensions ['colcon_meta']
[0.139s] Level 1:colcon.colcon_core.package_identification:_identify(src/roscar_comm_py) by extension 'colcon_meta'
[0.139s] Level 1:colcon.colcon_core.package_identification:_identify(src/roscar_comm_py) by extensions ['ros']
[0.139s] Level 1:colcon.colcon_core.package_identification:_identify(src/roscar_comm_py) by extension 'ros'
[0.140s] DEBUG:colcon.colcon_core.package_identification:Package 'src/roscar_comm_py' with type 'ros.ament_python' and name 'roscar_comm_py'
[0.141s] Level 1:colcon.colcon_core.package_identification:_identify(src/roscar_interfaces) by extensions ['ignore', 'ignore_ament_install']
[0.141s] Level 1:colcon.colcon_core.package_identification:_identify(src/roscar_interfaces) by extension 'ignore'
[0.141s] Level 1:colcon.colcon_core.package_identification:_identify(src/roscar_interfaces) by extension 'ignore_ament_install'
[0.141s] Level 1:colcon.colcon_core.package_identification:_identify(src/roscar_interfaces) by extensions ['colcon_pkg']
[0.141s] Level 1:colcon.colcon_core.package_identification:_identify(src/roscar_interfaces) by extension 'colcon_pkg'
[0.141s] Level 1:colcon.colcon_core.package_identification:_identify(src/roscar_interfaces) by extensions ['colcon_meta']
[0.141s] Level 1:colcon.colcon_core.package_identification:_identify(src/roscar_interfaces) by extension 'colcon_meta'
[0.141s] Level 1:colcon.colcon_core.package_identification:_identify(src/roscar_interfaces) by extensions ['ros']
[0.141s] Level 1:colcon.colcon_core.package_identification:_identify(src/roscar_interfaces) by extension 'ros'
[0.141s] DEBUG:colcon.colcon_core.package_identification:Package 'src/roscar_interfaces' with type 'ros.ament_cmake' and name 'roscar_interfaces'
[0.141s] Level 1:colcon.colcon_core.package_discovery:discover_packages(recursive) using defaults
[0.141s] Level 1:colcon.colcon_core.package_discovery:discover_packages(ignore) discover
[0.141s] Level 1:colcon.colcon_core.package_discovery:discover_packages(ignore) using defaults
[0.141s] Level 1:colcon.colcon_core.package_discovery:discover_packages(path) discover
[0.141s] Level 1:colcon.colcon_core.package_discovery:discover_packages(path) using defaults
[0.154s] INFO:colcon.colcon_core.package_selection:Skipping not selected package 'roscar_comm_py' in 'src/roscar_comm_py'
[0.154s] Level 1:colcon.colcon_core.package_discovery:discover_packages(prefix_path) check parameters
[0.154s] Level 1:colcon.colcon_core.package_discovery:discover_packages(prefix_path) discover
[0.156s] DEBUG:colcon.colcon_installed_package_information.package_discovery:Found 330 installed packages in /opt/ros/jazzy
[0.157s] Level 1:colcon.colcon_core.package_discovery:discover_packages(prefix_path) using defaults
[0.196s] Level 5:colcon.colcon_core.verb:set package 'roscar_interfaces' build argument 'cmake_args' from command line to 'None'
[0.196s] Level 5:colcon.colcon_core.verb:set package 'roscar_interfaces' build argument 'cmake_target' from command line to 'None'
[0.196s] Level 5:colcon.colcon_core.verb:set package 'roscar_interfaces' build argument 'cmake_target_skip_unavailable' from command line to 'False'
[0.196s] Level 5:colcon.colcon_core.verb:set package 'roscar_interfaces' build argument 'cmake_clean_cache' from command line to 'False'
[0.196s] Level 5:colcon.colcon_core.verb:set package 'roscar_interfaces' build argument 'cmake_clean_first' from command line to 'False'
[0.196s] Level 5:colcon.colcon_core.verb:set package 'roscar_interfaces' build argument 'cmake_force_configure' from command line to 'False'
[0.196s] Level 5:colcon.colcon_core.verb:set package 'roscar_interfaces' build argument 'ament_cmake_args' from command line to 'None'
[0.196s] Level 5:colcon.colcon_core.verb:set package 'roscar_interfaces' build argument 'catkin_cmake_args' from command line to 'None'
[0.196s] Level 5:colcon.colcon_core.verb:set package 'roscar_interfaces' build argument 'catkin_skip_building_tests' from command line to 'False'
[0.196s] DEBUG:colcon.colcon_core.verb:Building package 'roscar_interfaces' with the following arguments: {'ament_cmake_args': None, 'build_base': '/home/usou/dev_ws/ros2_comu_test/ros2_communication_test/build/roscar_interfaces', 'catkin_cmake_args': None, 'catkin_skip_building_tests': False, 'cmake_args': None, 'cmake_clean_cache': False, 'cmake_clean_first': False, 'cmake_force_configure': False, 'cmake_target': None, 'cmake_target_skip_unavailable': False, 'install_base': '/home/usou/dev_ws/ros2_comu_test/ros2_communication_test/install/roscar_interfaces', 'merge_install': False, 'path': '/home/usou/dev_ws/ros2_comu_test/ros2_communication_test/src/roscar_interfaces', 'symlink_install': False, 'test_result_base': None}
[0.196s] INFO:colcon.colcon_core.executor:Executing jobs using 'parallel' executor
[0.197s] DEBUG:colcon.colcon_parallel_executor.executor.parallel:run_until_complete
[0.197s] INFO:colcon.colcon_ros.task.ament_cmake.build:Building ROS package in '/home/usou/dev_ws/ros2_comu_test/ros2_communication_test/src/roscar_interfaces' with build type 'ament_cmake'
[0.197s] INFO:colcon.colcon_cmake.task.cmake.build:Building CMake package in '/home/usou/dev_ws/ros2_comu_test/ros2_communication_test/src/roscar_interfaces'
[0.199s] INFO:colcon.colcon_core.plugin_system:Skipping extension 'colcon_core.shell.bat': Not used on non-Windows systems
[0.199s] INFO:colcon.colcon_core.shell:Skip shell extension 'powershell' for command environment: Not usable outside of PowerShell
[0.199s] DEBUG:colcon.colcon_core.shell:Skip shell extension 'dsv' for command environment
[0.208s] DEBUG:colcon.colcon_core.event_handler.log_command:Invoking command in '/home/usou/dev_ws/ros2_comu_test/ros2_communication_test/build/roscar_interfaces': CMAKE_PREFIX_PATH=${CMAKE_PREFIX_PATH}:/opt/ros/jazzy DEBUGINFOD_URLS=https://debuginfod.ubuntu.com PS1=(ros2) \[\e]0;\u@\h: \w\a\]${debian_chroot:+($debian_chroot)}\[\033[01;32m\]\u@\h\[\033[00m\]:\[\033[01;34m\]\w\[\033[00m\]\$ VIRTUAL_ENV_PROMPT=(ros2) /usr/bin/cmake /home/usou/dev_ws/ros2_comu_test/ros2_communication_test/src/roscar_interfaces -DCMAKE_INSTALL_PREFIX=/home/usou/dev_ws/ros2_comu_test/ros2_communication_test/install/roscar_interfaces
[0.664s] DEBUG:colcon.colcon_core.event_handler.log_command:Invoked command in '/home/usou/dev_ws/ros2_comu_test/ros2_communication_test/build/roscar_interfaces' returned '1': CMAKE_PREFIX_PATH=${CMAKE_PREFIX_PATH}:/opt/ros/jazzy DEBUGINFOD_URLS=https://debuginfod.ubuntu.com PS1=(ros2) \[\e]0;\u@\h: \w\a\]${debian_chroot:+($debian_chroot)}\[\033[01;32m\]\u@\h\[\033[00m\]:\[\033[01;34m\]\w\[\033[00m\]\$ VIRTUAL_ENV_PROMPT=(ros2) /usr/bin/cmake /home/usou/dev_ws/ros2_comu_test/ros2_communication_test/src/roscar_interfaces -DCMAKE_INSTALL_PREFIX=/home/usou/dev_ws/ros2_comu_test/ros2_communication_test/install/roscar_interfaces
[0.674s] Level 1:colcon.colcon_core.environment:create_environment_scripts_only(roscar_interfaces)
[0.676s] Level 1:colcon.colcon_core.environment:checking '/home/usou/dev_ws/ros2_comu_test/ros2_communication_test/install/roscar_interfaces' for CMake module files
[0.677s] Level 1:colcon.colcon_core.environment:checking '/home/usou/dev_ws/ros2_comu_test/ros2_communication_test/install/roscar_interfaces' for CMake config files
[0.677s] Level 1:colcon.colcon_core.environment:checking '/home/usou/dev_ws/ros2_comu_test/ros2_communication_test/install/roscar_interfaces/bin'
[0.677s] Level 1:colcon.colcon_core.environment:checking '/home/usou/dev_ws/ros2_comu_test/ros2_communication_test/install/roscar_interfaces/lib/pkgconfig/roscar_interfaces.pc'
[0.677s] Level 1:colcon.colcon_core.environment:checking '/home/usou/dev_ws/ros2_comu_test/ros2_communication_test/install/roscar_interfaces/lib/python3.12/site-packages'
[0.677s] Level 1:colcon.colcon_core.environment:checking '/home/usou/dev_ws/ros2_comu_test/ros2_communication_test/install/roscar_interfaces/bin'
[0.677s] INFO:colcon.colcon_core.shell:Creating package script '/home/usou/dev_ws/ros2_comu_test/ros2_communication_test/install/roscar_interfaces/share/roscar_interfaces/package.ps1'
[0.678s] INFO:colcon.colcon_core.shell:Creating package descriptor '/home/usou/dev_ws/ros2_comu_test/ros2_communication_test/install/roscar_interfaces/share/roscar_interfaces/package.dsv'
[0.678s] INFO:colcon.colcon_core.shell:Creating package script '/home/usou/dev_ws/ros2_comu_test/ros2_communication_test/install/roscar_interfaces/share/roscar_interfaces/package.sh'
[0.679s] INFO:colcon.colcon_core.shell:Creating package script '/home/usou/dev_ws/ros2_comu_test/ros2_communication_test/install/roscar_interfaces/share/roscar_interfaces/package.bash'
[0.679s] INFO:colcon.colcon_core.shell:Creating package script '/home/usou/dev_ws/ros2_comu_test/ros2_communication_test/install/roscar_interfaces/share/roscar_interfaces/package.zsh'
[0.679s] Level 1:colcon.colcon_core.environment:create_file_with_runtime_dependencies(/home/usou/dev_ws/ros2_comu_test/ros2_communication_test/install/roscar_interfaces/share/colcon-core/packages/roscar_interfaces)
[0.690s] DEBUG:colcon.colcon_parallel_executor.executor.parallel:closing loop
[0.690s] DEBUG:colcon.colcon_parallel_executor.executor.parallel:loop closed
[0.690s] DEBUG:colcon.colcon_parallel_executor.executor.parallel:run_until_complete finished with '1'
[0.690s] DEBUG:colcon.colcon_core.event_reactor:joining thread
[0.694s] INFO:colcon.colcon_core.plugin_system:Skipping extension 'colcon_notification.desktop_notification.terminal_notifier': Not used on non-Darwin systems
[0.694s] INFO:colcon.colcon_core.plugin_system:Skipping extension 'colcon_notification.desktop_notification.win32': Not used on non-Windows systems
[0.694s] INFO:colcon.colcon_notification.desktop_notification:Sending desktop notification using 'notify2'
[0.703s] DEBUG:colcon.colcon_core.event_reactor:joined thread
[0.704s] INFO:colcon.colcon_core.shell:Creating prefix script '/home/usou/dev_ws/ros2_comu_test/ros2_communication_test/install/local_setup.ps1'
[0.704s] INFO:colcon.colcon_core.shell:Creating prefix util module '/home/usou/dev_ws/ros2_comu_test/ros2_communication_test/install/_local_setup_util_ps1.py'
[0.705s] INFO:colcon.colcon_core.shell:Creating prefix chain script '/home/usou/dev_ws/ros2_comu_test/ros2_communication_test/install/setup.ps1'
[0.706s] INFO:colcon.colcon_core.shell:Creating prefix script '/home/usou/dev_ws/ros2_comu_test/ros2_communication_test/install/local_setup.sh'
[0.706s] INFO:colcon.colcon_core.shell:Creating prefix util module '/home/usou/dev_ws/ros2_comu_test/ros2_communication_test/install/_local_setup_util_sh.py'
[0.707s] INFO:colcon.colcon_core.shell:Creating prefix chain script '/home/usou/dev_ws/ros2_comu_test/ros2_communication_test/install/setup.sh'
[0.707s] INFO:colcon.colcon_core.shell:Creating prefix script '/home/usou/dev_ws/ros2_comu_test/ros2_communication_test/install/local_setup.bash'
[0.708s] INFO:colcon.colcon_core.shell:Creating prefix chain script '/home/usou/dev_ws/ros2_comu_test/ros2_communication_test/install/setup.bash'
[0.708s] INFO:colcon.colcon_core.shell:Creating prefix script '/home/usou/dev_ws/ros2_comu_test/ros2_communication_test/install/local_setup.zsh'
[0.709s] INFO:colcon.colcon_core.shell:Creating prefix chain script '/home/usou/dev_ws/ros2_comu_test/ros2_communication_test/install/setup.zsh'
