[0.903s] Invoking command in '/home/usou/dev_ws/ros2_comu_test/ros2_communication_test/src/roscar_comm_py': AMENT_PREFIX_PATH=/home/usou/dev_ws/ros2_comu_test/ros2_communication_test/install/roscar_interfaces:${AMENT_PREFIX_PATH} CMAKE_PREFIX_PATH=/home/usou/dev_ws/ros2_comu_test/ros2_communication_test/install/roscar_interfaces:${CMAKE_PREFIX_PATH} DEBUGINFOD_URLS=https://debuginfod.ubuntu.com LD_LIBRARY_PATH=/home/usou/dev_ws/ros2_comu_test/ros2_communication_test/install/roscar_interfaces/lib:/opt/ros/jazzy/opt/gz_sim_vendor/lib:/opt/ros/jazzy/opt/gz_sensors_vendor/lib:/opt/ros/jazzy/opt/gz_physics_vendor/lib:/opt/ros/jazzy/opt/sdformat_vendor/lib:/opt/ros/jazzy/opt/rviz_ogre_vendor/lib:/opt/ros/jazzy/lib/x86_64-linux-gnu:/opt/ros/jazzy/opt/gz_gui_vendor/lib:/opt/ros/jazzy/opt/gz_transport_vendor/lib:/opt/ros/jazzy/opt/gz_rendering_vendor/lib:/opt/ros/jazzy/opt/gz_plugin_vendor/lib:/opt/ros/jazzy/opt/gz_fuel_tools_vendor/lib:/opt/ros/jazzy/opt/gz_msgs_vendor/lib:/opt/ros/jazzy/opt/gz_common_vendor/lib:/opt/ros/jazzy/opt/gz_math_vendor/lib:/opt/ros/jazzy/opt/gz_utils_vendor/lib:/opt/ros/jazzy/opt/gz_tools_vendor/lib:/opt/ros/jazzy/opt/gz_ogre_next_vendor/lib:/opt/ros/jazzy/opt/gz_dartsim_vendor/lib:/opt/ros/jazzy/opt/gz_cmake_vendor/lib:/opt/ros/jazzy/lib:/usr/local/cuda-12.8/lib64 PS1=(ros2) \[\e]0;\u@\h: \w\a\]${debian_chroot:+($debian_chroot)}\[\033[01;32m\]\u@\h\[\033[00m\]:\[\033[01;34m\]\w\[\033[00m\]\$ PYTHONPATH=/home/usou/dev_ws/ros2_comu_test/ros2_communication_test/build/roscar_comm_py/prefix_override:/usr/lib/python3/dist-packages/colcon_core/task/python/colcon_distutils_commands:/home/usou/dev_ws/ros2_comu_test/ros2_communication_test/install/roscar_comm_py/lib/python3.12/site-packages:/home/usou/dev_ws/ros2_comu_test/ros2_communication_test/install/roscar_interfaces/lib/python3.12/site-packages:${PYTHONPATH} VIRTUAL_ENV_PROMPT=(ros2) /usr/bin/python3 -W ignore:setup.py install is deprecated -W ignore:easy_install command is deprecated setup.py egg_info --egg-base ../../build/roscar_comm_py build --build-base /home/usou/dev_ws/ros2_comu_test/ros2_communication_test/build/roscar_comm_py/build install --record /home/usou/dev_ws/ros2_comu_test/ros2_communication_test/build/roscar_comm_py/install.log --single-version-externally-managed install_data
[1.048s] /home/usou/.local/lib/python3.12/site-packages/setuptools/_distutils/dist.py:289: UserWarning: Unknown distribution option: 'tests_require'
[1.048s]   warnings.warn(msg)
[1.203s] running egg_info
[1.228s] creating ../../build/roscar_comm_py/roscar_comm_py.egg-info
[1.229s] writing ../../build/roscar_comm_py/roscar_comm_py.egg-info/PKG-INFO
[1.229s] writing dependency_links to ../../build/roscar_comm_py/roscar_comm_py.egg-info/dependency_links.txt
[1.229s] writing requirements to ../../build/roscar_comm_py/roscar_comm_py.egg-info/requires.txt
[1.229s] writing top-level names to ../../build/roscar_comm_py/roscar_comm_py.egg-info/top_level.txt
[1.229s] writing manifest file '../../build/roscar_comm_py/roscar_comm_py.egg-info/SOURCES.txt'
[1.283s] reading manifest file '../../build/roscar_comm_py/roscar_comm_py.egg-info/SOURCES.txt'
[1.283s] writing manifest file '../../build/roscar_comm_py/roscar_comm_py.egg-info/SOURCES.txt'
[1.284s] running build
[1.284s] running build_py
[1.284s] creating /home/usou/dev_ws/ros2_comu_test/ros2_communication_test/build/roscar_comm_py/build/lib/roscar_comm_py
[1.284s] copying roscar_comm_py/__init__.py -> /home/usou/dev_ws/ros2_comu_test/ros2_communication_test/build/roscar_comm_py/build/lib/roscar_comm_py
[1.284s] running install
[1.288s] running install_lib
[1.314s] creating /home/usou/dev_ws/ros2_comu_test/ros2_communication_test/install/roscar_comm_py/lib/python3.12/site-packages/roscar_comm_py
[1.314s] copying /home/usou/dev_ws/ros2_comu_test/ros2_communication_test/build/roscar_comm_py/build/lib/roscar_comm_py/__init__.py -> /home/usou/dev_ws/ros2_comu_test/ros2_communication_test/install/roscar_comm_py/lib/python3.12/site-packages/roscar_comm_py
[1.314s] byte-compiling /home/usou/dev_ws/ros2_comu_test/ros2_communication_test/install/roscar_comm_py/lib/python3.12/site-packages/roscar_comm_py/__init__.py to __init__.cpython-312.pyc
[1.315s] running install_data
[1.315s] creating /home/usou/dev_ws/ros2_comu_test/ros2_communication_test/install/roscar_comm_py/share/ament_index/resource_index/packages
[1.315s] copying resource/roscar_comm_py -> /home/usou/dev_ws/ros2_comu_test/ros2_communication_test/install/roscar_comm_py/share/ament_index/resource_index/packages
[1.315s] copying package.xml -> /home/usou/dev_ws/ros2_comu_test/ros2_communication_test/install/roscar_comm_py/share/roscar_comm_py
[1.315s] running install_egg_info
[1.342s] Copying ../../build/roscar_comm_py/roscar_comm_py.egg-info to /home/usou/dev_ws/ros2_comu_test/ros2_communication_test/install/roscar_comm_py/lib/python3.12/site-packages/roscar_comm_py-0.0.0-py3.12.egg-info
[1.343s] running install_scripts
[1.478s] writing list of installed files to '/home/usou/dev_ws/ros2_comu_test/ros2_communication_test/build/roscar_comm_py/install.log'
[1.495s] Invoked command in '/home/usou/dev_ws/ros2_comu_test/ros2_communication_test/src/roscar_comm_py' returned '0': AMENT_PREFIX_PATH=/home/usou/dev_ws/ros2_comu_test/ros2_communication_test/install/roscar_interfaces:${AMENT_PREFIX_PATH} CMAKE_PREFIX_PATH=/home/usou/dev_ws/ros2_comu_test/ros2_communication_test/install/roscar_interfaces:${CMAKE_PREFIX_PATH} DEBUGINFOD_URLS=https://debuginfod.ubuntu.com LD_LIBRARY_PATH=/home/usou/dev_ws/ros2_comu_test/ros2_communication_test/install/roscar_interfaces/lib:/opt/ros/jazzy/opt/gz_sim_vendor/lib:/opt/ros/jazzy/opt/gz_sensors_vendor/lib:/opt/ros/jazzy/opt/gz_physics_vendor/lib:/opt/ros/jazzy/opt/sdformat_vendor/lib:/opt/ros/jazzy/opt/rviz_ogre_vendor/lib:/opt/ros/jazzy/lib/x86_64-linux-gnu:/opt/ros/jazzy/opt/gz_gui_vendor/lib:/opt/ros/jazzy/opt/gz_transport_vendor/lib:/opt/ros/jazzy/opt/gz_rendering_vendor/lib:/opt/ros/jazzy/opt/gz_plugin_vendor/lib:/opt/ros/jazzy/opt/gz_fuel_tools_vendor/lib:/opt/ros/jazzy/opt/gz_msgs_vendor/lib:/opt/ros/jazzy/opt/gz_common_vendor/lib:/opt/ros/jazzy/opt/gz_math_vendor/lib:/opt/ros/jazzy/opt/gz_utils_vendor/lib:/opt/ros/jazzy/opt/gz_tools_vendor/lib:/opt/ros/jazzy/opt/gz_ogre_next_vendor/lib:/opt/ros/jazzy/opt/gz_dartsim_vendor/lib:/opt/ros/jazzy/opt/gz_cmake_vendor/lib:/opt/ros/jazzy/lib:/usr/local/cuda-12.8/lib64 PS1=(ros2) \[\e]0;\u@\h: \w\a\]${debian_chroot:+($debian_chroot)}\[\033[01;32m\]\u@\h\[\033[00m\]:\[\033[01;34m\]\w\[\033[00m\]\$ PYTHONPATH=/home/usou/dev_ws/ros2_comu_test/ros2_communication_test/build/roscar_comm_py/prefix_override:/usr/lib/python3/dist-packages/colcon_core/task/python/colcon_distutils_commands:/home/usou/dev_ws/ros2_comu_test/ros2_communication_test/install/roscar_comm_py/lib/python3.12/site-packages:/home/usou/dev_ws/ros2_comu_test/ros2_communication_test/install/roscar_interfaces/lib/python3.12/site-packages:${PYTHONPATH} VIRTUAL_ENV_PROMPT=(ros2) /usr/bin/python3 -W ignore:setup.py install is deprecated -W ignore:easy_install command is deprecated setup.py egg_info --egg-base ../../build/roscar_comm_py build --build-base /home/usou/dev_ws/ros2_comu_test/ros2_communication_test/build/roscar_comm_py/build install --record /home/usou/dev_ws/ros2_comu_test/ros2_communication_test/build/roscar_comm_py/install.log --single-version-externally-managed install_data
